
*** Imported 5 new test cases from: /home/brooke/Code-Coverage-Tools-Benchmark/symcc_outputs/threads_symcc_output/afl-secondary/queue

[+] AFL test case: id:000000,time:0,execs:0,orig:testcase1 (0 / 5), cycle: 0
    Non-zero exit status '25' for CMD: /usr/bin/lcov --no-checksum -r /tmp/tmpj0xcve /usr/include/\*  --output-file /home/brooke/Code-Coverage-Tools-Benchmark/symcc_outputs/threads_symcc_output/cov/lcov/trace.lcov_info_final
lcov: ERROR: 'exclude' pattern '/usr/include/*' is unused.
	(use "lcov --ignore-errors unused ..." to bypass this error)
Removed 0 files
Writing data to /home/brooke/Code-Coverage-Tools-Benchmark/symcc_outputs/threads_symcc_output/cov/lcov/trace.lcov_info_final
Summary coverage rate:
  lines......: 2.1% (16 of 762 lines)
  functions..: 6.5% (2 of 31 functions)
  branches...: no data found
    lines......: 2.1% (16 of 762 lines)
    functions..: 6.5% (2 of 31 functions)

    Coverage diff (init) id:000000,time:0,execs:0,orig:testcase1
diff (init) -> id:000000,time:0,execs:0,orig:testcase1
New src file: /home/brooke/Code-Coverage-Tools-Benchmark/tests/threads.c
  New 'function' coverage: main()
  New 'function' coverage: printNum()
  New 'line' coverage: 10
  New 'line' coverage: 11
  New 'line' coverage: 13
  New 'line' coverage: 16
  New 'line' coverage: 18
  New 'line' coverage: 21
  New 'line' coverage: 28
  New 'line' coverage: 30
  New 'line' coverage: 31
  New 'line' coverage: 36
  New 'line' coverage: 37
  New 'line' coverage: 39
  New 'line' coverage: 40
  New 'line' coverage: 42
  New 'line' coverage: 43
  New 'line' coverage: 9



++++++ BEGIN - first exec output for CMD: /home/brooke/Code-Coverage-Tools-Benchmark/afl_build/threads_afl /home/brooke/Code-Coverage-Tools-Benchmark/symcc_outputs/threads_symcc_output/afl-secondary/queue/id:000000,time:0,execs:0,orig:testcase1
    Value is positive
    Value is positive
    Both threads have finished.
++++++ END

[+] AFL test case: id:000001,src:000000,time:1,execs:9,op:quick,pos:0,+cov (1 / 5), cycle: 0
    Non-zero exit status '25' for CMD: /usr/bin/lcov --no-checksum -r /tmp/tmpZ8IArt /usr/include/\*  --output-file /home/brooke/Code-Coverage-Tools-Benchmark/symcc_outputs/threads_symcc_output/cov/lcov/trace.lcov_info_final
lcov: ERROR: 'exclude' pattern '/usr/include/*' is unused.
	(use "lcov --ignore-errors unused ..." to bypass this error)
Removed 0 files
Writing data to /home/brooke/Code-Coverage-Tools-Benchmark/symcc_outputs/threads_symcc_output/cov/lcov/trace.lcov_info_final
Summary coverage rate:
  lines......: 2.2% (17 of 762 lines)
  functions..: 6.5% (2 of 31 functions)
  branches...: no data found
    lines......: 2.2% (17 of 762 lines)
    functions..: 6.5% (2 of 31 functions)

    Coverage diff id:000000,time:0,execs:0,orig:testcase1 id:000001,src:000000,time:1,execs:9,op:quick,pos:0,+cov
diff id:000000,time:0,execs:0,orig:testcase1 -> id:000001,src:000000,time:1,execs:9,op:quick,pos:0,+cov
Src file: /home/brooke/Code-Coverage-Tools-Benchmark/tests/threads.c
  New 'line' coverage: 12

[+] AFL test case: id:000002,src:000000,time:12,execs:35,op:flip2,pos:0 (2 / 5), cycle: 0
    Non-zero exit status '25' for CMD: /usr/bin/lcov --no-checksum -r /tmp/tmpQMZGbo /usr/include/\*  --output-file /home/brooke/Code-Coverage-Tools-Benchmark/symcc_outputs/threads_symcc_output/cov/lcov/trace.lcov_info_final
lcov: ERROR: 'exclude' pattern '/usr/include/*' is unused.
	(use "lcov --ignore-errors unused ..." to bypass this error)
Removed 0 files
Writing data to /home/brooke/Code-Coverage-Tools-Benchmark/symcc_outputs/threads_symcc_output/cov/lcov/trace.lcov_info_final
Summary coverage rate:
  lines......: 2.2% (17 of 762 lines)
  functions..: 6.5% (2 of 31 functions)
  branches...: no data found
    lines......: 2.2% (17 of 762 lines)
    functions..: 6.5% (2 of 31 functions)
[+] AFL test case: id:000003,src:000000,time:59,execs:152,op:havoc,rep:4,+cov (3 / 5), cycle: 0
    Non-zero exit status '25' for CMD: /usr/bin/lcov --no-checksum -r /tmp/tmpQvFE2B /usr/include/\*  --output-file /home/brooke/Code-Coverage-Tools-Benchmark/symcc_outputs/threads_symcc_output/cov/lcov/trace.lcov_info_final
lcov: ERROR: 'exclude' pattern '/usr/include/*' is unused.
	(use "lcov --ignore-errors unused ..." to bypass this error)
Removed 0 files
Writing data to /home/brooke/Code-Coverage-Tools-Benchmark/symcc_outputs/threads_symcc_output/cov/lcov/trace.lcov_info_final
Summary coverage rate:
  lines......: 2.4% (18 of 762 lines)
  functions..: 6.5% (2 of 31 functions)
  branches...: no data found
    lines......: 2.4% (18 of 762 lines)
    functions..: 6.5% (2 of 31 functions)

    Coverage diff id:000002,src:000000,time:12,execs:35,op:flip2,pos:0 id:000003,src:000000,time:59,execs:152,op:havoc,rep:4,+cov
diff id:000002,src:000000,time:12,execs:35,op:flip2,pos:0 -> id:000003,src:000000,time:59,execs:152,op:havoc,rep:4,+cov
Src file: /home/brooke/Code-Coverage-Tools-Benchmark/tests/threads.c
  New 'line' coverage: 14

[+] AFL test case: id:000004,sync:afl-master,src:000004 (4 / 5), cycle: 0
    Non-zero exit status '25' for CMD: /usr/bin/lcov --no-checksum -r /tmp/tmpiM_JiR /usr/include/\*  --output-file /home/brooke/Code-Coverage-Tools-Benchmark/symcc_outputs/threads_symcc_output/cov/lcov/trace.lcov_info_final
lcov: ERROR: 'exclude' pattern '/usr/include/*' is unused.
	(use "lcov --ignore-errors unused ..." to bypass this error)
Removed 0 files
Writing data to /home/brooke/Code-Coverage-Tools-Benchmark/symcc_outputs/threads_symcc_output/cov/lcov/trace.lcov_info_final
Summary coverage rate:
  lines......: 2.4% (18 of 762 lines)
  functions..: 6.5% (2 of 31 functions)
  branches...: no data found
    lines......: 2.4% (18 of 762 lines)
    functions..: 6.5% (2 of 31 functions)

*** Imported 5 new test cases from: /home/brooke/Code-Coverage-Tools-Benchmark/symcc_outputs/threads_symcc_output/afl-master/queue

[+] AFL test case: id:000000,time:0,execs:0,orig:testcase1 (0 / 10), cycle: 0
    Non-zero exit status '25' for CMD: /usr/bin/lcov --no-checksum -r /tmp/tmpquExxP /usr/include/\*  --output-file /home/brooke/Code-Coverage-Tools-Benchmark/symcc_outputs/threads_symcc_output/cov/lcov/trace.lcov_info_final
lcov: ERROR: 'exclude' pattern '/usr/include/*' is unused.
	(use "lcov --ignore-errors unused ..." to bypass this error)
Removed 0 files
Writing data to /home/brooke/Code-Coverage-Tools-Benchmark/symcc_outputs/threads_symcc_output/cov/lcov/trace.lcov_info_final
Summary coverage rate:
  lines......: 2.4% (18 of 762 lines)
  functions..: 6.5% (2 of 31 functions)
  branches...: no data found
    lines......: 2.4% (18 of 762 lines)
    functions..: 6.5% (2 of 31 functions)
[+] AFL test case: id:000001,src:000000,time:2,execs:9,op:quick,pos:0,+cov (1 / 10), cycle: 0
    Non-zero exit status '25' for CMD: /usr/bin/lcov --no-checksum -r /tmp/tmpYd3GD6 /usr/include/\*  --output-file /home/brooke/Code-Coverage-Tools-Benchmark/symcc_outputs/threads_symcc_output/cov/lcov/trace.lcov_info_final
lcov: ERROR: 'exclude' pattern '/usr/include/*' is unused.
	(use "lcov --ignore-errors unused ..." to bypass this error)
Removed 0 files
Writing data to /home/brooke/Code-Coverage-Tools-Benchmark/symcc_outputs/threads_symcc_output/cov/lcov/trace.lcov_info_final
Summary coverage rate:
  lines......: 2.4% (18 of 762 lines)
  functions..: 6.5% (2 of 31 functions)
  branches...: no data found
    lines......: 2.4% (18 of 762 lines)
    functions..: 6.5% (2 of 31 functions)
[+] AFL test case: id:000002,src:000000,time:16,execs:35,op:flip2,pos:0 (2 / 10), cycle: 0
    Non-zero exit status '25' for CMD: /usr/bin/lcov --no-checksum -r /tmp/tmp9YxgtR /usr/include/\*  --output-file /home/brooke/Code-Coverage-Tools-Benchmark/symcc_outputs/threads_symcc_output/cov/lcov/trace.lcov_info_final
lcov: ERROR: 'exclude' pattern '/usr/include/*' is unused.
	(use "lcov --ignore-errors unused ..." to bypass this error)
Removed 0 files
Writing data to /home/brooke/Code-Coverage-Tools-Benchmark/symcc_outputs/threads_symcc_output/cov/lcov/trace.lcov_info_final
Summary coverage rate:
  lines......: 2.4% (18 of 762 lines)
  functions..: 6.5% (2 of 31 functions)
  branches...: no data found
    lines......: 2.4% (18 of 762 lines)
    functions..: 6.5% (2 of 31 functions)
[+] AFL test case: id:000003,src:000000,time:205,execs:291,op:havoc,rep:3,+cov (3 / 10), cycle: 0
    Non-zero exit status '25' for CMD: /usr/bin/lcov --no-checksum -r /tmp/tmpcKC3Z3 /usr/include/\*  --output-file /home/brooke/Code-Coverage-Tools-Benchmark/symcc_outputs/threads_symcc_output/cov/lcov/trace.lcov_info_final
lcov: ERROR: 'exclude' pattern '/usr/include/*' is unused.
	(use "lcov --ignore-errors unused ..." to bypass this error)
Removed 0 files
Writing data to /home/brooke/Code-Coverage-Tools-Benchmark/symcc_outputs/threads_symcc_output/cov/lcov/trace.lcov_info_final
Summary coverage rate:
  lines......: 2.4% (18 of 762 lines)
  functions..: 6.5% (2 of 31 functions)
  branches...: no data found
    lines......: 2.4% (18 of 762 lines)
    functions..: 6.5% (2 of 31 functions)
[+] AFL test case: id:000004,src:000000,time:231,execs:333,op:havoc,rep:4 (4 / 10), cycle: 0
    Non-zero exit status '25' for CMD: /usr/bin/lcov --no-checksum -r /tmp/tmptW1n5I /usr/include/\*  --output-file /home/brooke/Code-Coverage-Tools-Benchmark/symcc_outputs/threads_symcc_output/cov/lcov/trace.lcov_info_final
lcov: ERROR: 'exclude' pattern '/usr/include/*' is unused.
	(use "lcov --ignore-errors unused ..." to bypass this error)
Removed 0 files
Writing data to /home/brooke/Code-Coverage-Tools-Benchmark/symcc_outputs/threads_symcc_output/cov/lcov/trace.lcov_info_final
Summary coverage rate:
  lines......: 2.4% (18 of 762 lines)
  functions..: 6.5% (2 of 31 functions)
  branches...: no data found
    lines......: 2.4% (18 of 762 lines)
    functions..: 6.5% (2 of 31 functions)
[+] Processed 10 / 10 test cases.

[+] Final zero coverage report: /home/brooke/Code-Coverage-Tools-Benchmark/symcc_outputs/threads_symcc_output/cov/zero-cov
[+] Final positive coverage report: /home/brooke/Code-Coverage-Tools-Benchmark/symcc_outputs/threads_symcc_output/cov/pos-cov
    Non-zero exit status '25' for CMD: /usr/bin/lcov --no-checksum -r /tmp/tmpCI9uII /usr/include/\*  --output-file /home/brooke/Code-Coverage-Tools-Benchmark/symcc_outputs/threads_symcc_output/cov/lcov/trace.lcov_info_final
lcov: ERROR: 'exclude' pattern '/usr/include/*' is unused.
	(use "lcov --ignore-errors unused ..." to bypass this error)
Removed 0 files
Writing data to /home/brooke/Code-Coverage-Tools-Benchmark/symcc_outputs/threads_symcc_output/cov/lcov/trace.lcov_info_final
Summary coverage rate:
  lines......: 2.4% (18 of 762 lines)
  functions..: 6.5% (2 of 31 functions)
  branches...: no data found
    lines......: 2.4% (18 of 762 lines)
    functions..: 6.5% (2 of 31 functions)
[+] Final lcov web report: /home/brooke/Code-Coverage-Tools-Benchmark/symcc_outputs/threads_symcc_output/cov/web/index.html
