
*** Imported 5 new test cases from: /home/brooke/Code-Coverage-Tools-Benchmark/symcc_outputs/signals_symcc_output/afl-master/queue

[+] AFL test case: id:000000,time:0,execs:0,orig:testcase1 (0 / 5), cycle: 0
    Non-zero exit status '25' for CMD: /usr/bin/lcov --no-checksum -r /tmp/tmp3eb9kV /usr/include/\*  --output-file /home/brooke/Code-Coverage-Tools-Benchmark/symcc_outputs/signals_symcc_output/cov/lcov/trace.lcov_info_final
lcov: ERROR: 'exclude' pattern '/usr/include/*' is unused.
	(use "lcov --ignore-errors unused ..." to bypass this error)
Removed 0 files
Writing data to /home/brooke/Code-Coverage-Tools-Benchmark/symcc_outputs/signals_symcc_output/cov/lcov/trace.lcov_info_final
Summary coverage rate:
  lines......: 1.7% (13 of 762 lines)
  functions..: 6.5% (2 of 31 functions)
  branches...: no data found
    lines......: 1.7% (13 of 762 lines)
    functions..: 6.5% (2 of 31 functions)

    Coverage diff (init) id:000000,time:0,execs:0,orig:testcase1
diff (init) -> id:000000,time:0,execs:0,orig:testcase1
New src file: /home/brooke/Code-Coverage-Tools-Benchmark/tests/signals.c
  New 'function' coverage: divideNumbers()
  New 'function' coverage: main()
  New 'line' coverage: 16
  New 'line' coverage: 17
  New 'line' coverage: 19
  New 'line' coverage: 21
  New 'line' coverage: 22
  New 'line' coverage: 31
  New 'line' coverage: 34
  New 'line' coverage: 41
  New 'line' coverage: 43
  New 'line' coverage: 44
  New 'line' coverage: 46
  New 'line' coverage: 47
  New 'line' coverage: 49



++++++ BEGIN - first exec output for CMD: /home/brooke/Code-Coverage-Tools-Benchmark/afl_build/signals_afl /home/brooke/Code-Coverage-Tools-Benchmark/symcc_outputs/signals_symcc_output/afl-master/queue/id:000000,time:0,execs:0,orig:testcase1
    x is equal to y
    1/1 = 1
++++++ END

[+] AFL test case: id:000001,src:000000,time:1,execs:9,op:quick,pos:0,+cov (1 / 5), cycle: 0
    Non-zero exit status '25' for CMD: /usr/bin/lcov --no-checksum -r /tmp/tmpcbhEkT /usr/include/\*  --output-file /home/brooke/Code-Coverage-Tools-Benchmark/symcc_outputs/signals_symcc_output/cov/lcov/trace.lcov_info_final
lcov: ERROR: 'exclude' pattern '/usr/include/*' is unused.
	(use "lcov --ignore-errors unused ..." to bypass this error)
Removed 0 files
Writing data to /home/brooke/Code-Coverage-Tools-Benchmark/symcc_outputs/signals_symcc_output/cov/lcov/trace.lcov_info_final
Summary coverage rate:
  lines......: 2.2% (17 of 762 lines)
  functions..: 9.7% (3 of 31 functions)
  branches...: no data found
    lines......: 2.2% (17 of 762 lines)
    functions..: 9.7% (3 of 31 functions)

    Coverage diff id:000000,time:0,execs:0,orig:testcase1 id:000001,src:000000,time:1,execs:9,op:quick,pos:0,+cov
diff id:000000,time:0,execs:0,orig:testcase1 -> id:000001,src:000000,time:1,execs:9,op:quick,pos:0,+cov
Src file: /home/brooke/Code-Coverage-Tools-Benchmark/tests/signals.c
  New 'function' coverage: handle_signal()
  New 'line' coverage: 10
  New 'line' coverage: 11
  New 'line' coverage: 12
  New 'line' coverage: 9

[+] AFL test case: id:000002,src:000000,time:7,execs:24,op:flip1,pos:0,+cov (2 / 5), cycle: 0
    Non-zero exit status '25' for CMD: /usr/bin/lcov --no-checksum -r /tmp/tmpIx1Gwb /usr/include/\*  --output-file /home/brooke/Code-Coverage-Tools-Benchmark/symcc_outputs/signals_symcc_output/cov/lcov/trace.lcov_info_final
lcov: ERROR: 'exclude' pattern '/usr/include/*' is unused.
	(use "lcov --ignore-errors unused ..." to bypass this error)
Removed 0 files
Writing data to /home/brooke/Code-Coverage-Tools-Benchmark/symcc_outputs/signals_symcc_output/cov/lcov/trace.lcov_info_final
Summary coverage rate:
  lines......: 2.6% (20 of 762 lines)
  functions..: 9.7% (3 of 31 functions)
  branches...: no data found
    lines......: 2.6% (20 of 762 lines)
    functions..: 9.7% (3 of 31 functions)

    Coverage diff id:000001,src:000000,time:1,execs:9,op:quick,pos:0,+cov id:000002,src:000000,time:7,execs:24,op:flip1,pos:0,+cov
diff id:000001,src:000000,time:1,execs:9,op:quick,pos:0,+cov -> id:000002,src:000000,time:7,execs:24,op:flip1,pos:0,+cov
Src file: /home/brooke/Code-Coverage-Tools-Benchmark/tests/signals.c
  New 'line' coverage: 23
  New 'line' coverage: 25
  New 'line' coverage: 26

[+] AFL test case: id:000003,src:000000,time:11,execs:34,op:flip1,pos:0,+cov (3 / 5), cycle: 0
    Non-zero exit status '25' for CMD: /usr/bin/lcov --no-checksum -r /tmp/tmpZwBptG /usr/include/\*  --output-file /home/brooke/Code-Coverage-Tools-Benchmark/symcc_outputs/signals_symcc_output/cov/lcov/trace.lcov_info_final
lcov: ERROR: 'exclude' pattern '/usr/include/*' is unused.
	(use "lcov --ignore-errors unused ..." to bypass this error)
Removed 0 files
Writing data to /home/brooke/Code-Coverage-Tools-Benchmark/symcc_outputs/signals_symcc_output/cov/lcov/trace.lcov_info_final
Summary coverage rate:
  lines......: 2.8% (21 of 762 lines)
  functions..: 9.7% (3 of 31 functions)
  branches...: no data found
    lines......: 2.8% (21 of 762 lines)
    functions..: 9.7% (3 of 31 functions)

    Coverage diff id:000002,src:000000,time:7,execs:24,op:flip1,pos:0,+cov id:000003,src:000000,time:11,execs:34,op:flip1,pos:0,+cov
diff id:000002,src:000000,time:7,execs:24,op:flip1,pos:0,+cov -> id:000003,src:000000,time:11,execs:34,op:flip1,pos:0,+cov
Src file: /home/brooke/Code-Coverage-Tools-Benchmark/tests/signals.c
  New 'line' coverage: 28

[+] AFL test case: id:000004,src:000002,time:227,execs:697,op:havoc,rep:1,+cov (4 / 5), cycle: 0
    Non-zero exit status '25' for CMD: /usr/bin/lcov --no-checksum -r /tmp/tmpEQviuX /usr/include/\*  --output-file /home/brooke/Code-Coverage-Tools-Benchmark/symcc_outputs/signals_symcc_output/cov/lcov/trace.lcov_info_final
lcov: ERROR: 'exclude' pattern '/usr/include/*' is unused.
	(use "lcov --ignore-errors unused ..." to bypass this error)
Removed 0 files
Writing data to /home/brooke/Code-Coverage-Tools-Benchmark/symcc_outputs/signals_symcc_output/cov/lcov/trace.lcov_info_final
Summary coverage rate:
  lines......: 2.9% (22 of 762 lines)
  functions..: 9.7% (3 of 31 functions)
  branches...: no data found
    lines......: 2.9% (22 of 762 lines)
    functions..: 9.7% (3 of 31 functions)

    Coverage diff id:000003,src:000000,time:11,execs:34,op:flip1,pos:0,+cov id:000004,src:000002,time:227,execs:697,op:havoc,rep:1,+cov
diff id:000003,src:000000,time:11,execs:34,op:flip1,pos:0,+cov -> id:000004,src:000002,time:227,execs:697,op:havoc,rep:1,+cov
Src file: /home/brooke/Code-Coverage-Tools-Benchmark/tests/signals.c
  New 'line' coverage: 24


*** Imported 5 new test cases from: /home/brooke/Code-Coverage-Tools-Benchmark/symcc_outputs/signals_symcc_output/afl-secondary/queue

[+] AFL test case: id:000000,time:0,execs:0,orig:testcase1 (0 / 10), cycle: 0
    Non-zero exit status '25' for CMD: /usr/bin/lcov --no-checksum -r /tmp/tmpqFeO_y /usr/include/\*  --output-file /home/brooke/Code-Coverage-Tools-Benchmark/symcc_outputs/signals_symcc_output/cov/lcov/trace.lcov_info_final
lcov: ERROR: 'exclude' pattern '/usr/include/*' is unused.
	(use "lcov --ignore-errors unused ..." to bypass this error)
Removed 0 files
Writing data to /home/brooke/Code-Coverage-Tools-Benchmark/symcc_outputs/signals_symcc_output/cov/lcov/trace.lcov_info_final
Summary coverage rate:
  lines......: 2.9% (22 of 762 lines)
  functions..: 9.7% (3 of 31 functions)
  branches...: no data found
    lines......: 2.9% (22 of 762 lines)
    functions..: 9.7% (3 of 31 functions)
[+] AFL test case: id:000001,src:000000,time:2,execs:9,op:quick,pos:0,+cov (1 / 10), cycle: 0
    Non-zero exit status '25' for CMD: /usr/bin/lcov --no-checksum -r /tmp/tmpPl7j4I /usr/include/\*  --output-file /home/brooke/Code-Coverage-Tools-Benchmark/symcc_outputs/signals_symcc_output/cov/lcov/trace.lcov_info_final
lcov: ERROR: 'exclude' pattern '/usr/include/*' is unused.
	(use "lcov --ignore-errors unused ..." to bypass this error)
Removed 0 files
Writing data to /home/brooke/Code-Coverage-Tools-Benchmark/symcc_outputs/signals_symcc_output/cov/lcov/trace.lcov_info_final
Summary coverage rate:
  lines......: 2.9% (22 of 762 lines)
  functions..: 9.7% (3 of 31 functions)
  branches...: no data found
    lines......: 2.9% (22 of 762 lines)
    functions..: 9.7% (3 of 31 functions)
[+] AFL test case: id:000002,src:000000,time:6,execs:24,op:flip1,pos:0,+cov (2 / 10), cycle: 0
    Non-zero exit status '25' for CMD: /usr/bin/lcov --no-checksum -r /tmp/tmpZxwDmA /usr/include/\*  --output-file /home/brooke/Code-Coverage-Tools-Benchmark/symcc_outputs/signals_symcc_output/cov/lcov/trace.lcov_info_final
lcov: ERROR: 'exclude' pattern '/usr/include/*' is unused.
	(use "lcov --ignore-errors unused ..." to bypass this error)
Removed 0 files
Writing data to /home/brooke/Code-Coverage-Tools-Benchmark/symcc_outputs/signals_symcc_output/cov/lcov/trace.lcov_info_final
Summary coverage rate:
  lines......: 2.9% (22 of 762 lines)
  functions..: 9.7% (3 of 31 functions)
  branches...: no data found
    lines......: 2.9% (22 of 762 lines)
    functions..: 9.7% (3 of 31 functions)
[+] AFL test case: id:000003,src:000000,time:9,execs:34,op:flip1,pos:0,+cov (3 / 10), cycle: 0
    Non-zero exit status '25' for CMD: /usr/bin/lcov --no-checksum -r /tmp/tmpqqDoUs /usr/include/\*  --output-file /home/brooke/Code-Coverage-Tools-Benchmark/symcc_outputs/signals_symcc_output/cov/lcov/trace.lcov_info_final
lcov: ERROR: 'exclude' pattern '/usr/include/*' is unused.
	(use "lcov --ignore-errors unused ..." to bypass this error)
Removed 0 files
Writing data to /home/brooke/Code-Coverage-Tools-Benchmark/symcc_outputs/signals_symcc_output/cov/lcov/trace.lcov_info_final
Summary coverage rate:
  lines......: 2.9% (22 of 762 lines)
  functions..: 9.7% (3 of 31 functions)
  branches...: no data found
    lines......: 2.9% (22 of 762 lines)
    functions..: 9.7% (3 of 31 functions)
[+] AFL test case: id:000004,src:000000,time:78,execs:285,op:havoc,rep:3,+cov (4 / 10), cycle: 0
    Non-zero exit status '25' for CMD: /usr/bin/lcov --no-checksum -r /tmp/tmp7s9wWS /usr/include/\*  --output-file /home/brooke/Code-Coverage-Tools-Benchmark/symcc_outputs/signals_symcc_output/cov/lcov/trace.lcov_info_final
lcov: ERROR: 'exclude' pattern '/usr/include/*' is unused.
	(use "lcov --ignore-errors unused ..." to bypass this error)
Removed 0 files
Writing data to /home/brooke/Code-Coverage-Tools-Benchmark/symcc_outputs/signals_symcc_output/cov/lcov/trace.lcov_info_final
Summary coverage rate:
  lines......: 2.9% (22 of 762 lines)
  functions..: 9.7% (3 of 31 functions)
  branches...: no data found
    lines......: 2.9% (22 of 762 lines)
    functions..: 9.7% (3 of 31 functions)
[+] Processed 10 / 10 test cases.

[+] Final zero coverage report: /home/brooke/Code-Coverage-Tools-Benchmark/symcc_outputs/signals_symcc_output/cov/zero-cov
[+] Final positive coverage report: /home/brooke/Code-Coverage-Tools-Benchmark/symcc_outputs/signals_symcc_output/cov/pos-cov
    Non-zero exit status '25' for CMD: /usr/bin/lcov --no-checksum -r /tmp/tmpxqfd7J /usr/include/\*  --output-file /home/brooke/Code-Coverage-Tools-Benchmark/symcc_outputs/signals_symcc_output/cov/lcov/trace.lcov_info_final
lcov: ERROR: 'exclude' pattern '/usr/include/*' is unused.
	(use "lcov --ignore-errors unused ..." to bypass this error)
Removed 0 files
Writing data to /home/brooke/Code-Coverage-Tools-Benchmark/symcc_outputs/signals_symcc_output/cov/lcov/trace.lcov_info_final
Summary coverage rate:
  lines......: 2.9% (22 of 762 lines)
  functions..: 9.7% (3 of 31 functions)
  branches...: no data found
    lines......: 2.9% (22 of 762 lines)
    functions..: 9.7% (3 of 31 functions)
[+] Final lcov web report: /home/brooke/Code-Coverage-Tools-Benchmark/symcc_outputs/signals_symcc_output/cov/web/index.html
