
*** Imported 2 new test cases from: /home/brooke/Code-Coverage-Tools-Benchmark/afl_outputs/math_ops_afl_output/default//queue

[+] AFL test case: id:000000,time:0,execs:0,orig:testcase1 (0 / 2), cycle: 0
    Non-zero exit status '25' for CMD: /usr/bin/lcov --no-checksum -r /tmp/tmpj6tTYw /usr/include/\*  --output-file /home/brooke/Code-Coverage-Tools-Benchmark/afl_outputs/math_ops_afl_output/default//cov/lcov/trace.lcov_info_final
lcov: ERROR: 'exclude' pattern '/usr/include/*' is unused.
	(use "lcov --ignore-errors unused ..." to bypass this error)
Removed 0 files
Writing data to /home/brooke/Code-Coverage-Tools-Benchmark/afl_outputs/math_ops_afl_output/default//cov/lcov/trace.lcov_info_final
Summary coverage rate:
  lines......: 10.3% (19 of 185 lines)
  functions..: 11.8% (2 of 17 functions)
  branches...: no data found
    lines......: 10.3% (19 of 185 lines)
    functions..: 11.8% (2 of 17 functions)

    Coverage diff (init) id:000000,time:0,execs:0,orig:testcase1
diff (init) -> id:000000,time:0,execs:0,orig:testcase1
New src file: /home/brooke/Code-Coverage-Tools-Benchmark/tests/math_ops.c
  New 'function' coverage: main()
  New 'function' coverage: math_test()
  New 'line' coverage: 10
  New 'line' coverage: 11
  New 'line' coverage: 12
  New 'line' coverage: 13
  New 'line' coverage: 15
  New 'line' coverage: 16
  New 'line' coverage: 22
  New 'line' coverage: 23
  New 'line' coverage: 24
  New 'line' coverage: 25
  New 'line' coverage: 26
  New 'line' coverage: 27
  New 'line' coverage: 29
  New 'line' coverage: 38
  New 'line' coverage: 40
  New 'line' coverage: 41
  New 'line' coverage: 43
  New 'line' coverage: 44
  New 'line' coverage: 8



++++++ BEGIN - first exec output for CMD: /home/brooke/Code-Coverage-Tools-Benchmark/afl_build/math_ops_afl /home/brooke/Code-Coverage-Tools-Benchmark/afl_outputs/math_ops_afl_output/default//queue/id:000000,time:0,execs:0,orig:testcase1
    Integer Addition: 1 + 1 = 2
    Integer Multiplication: 1 * 1 = 1
    Integer Division: 1 / 1 = 1
    Floating-Point Addition: 0.000000 + 0.000000 = 0.000000
    Floating-Point Multiplication: 0.000000 * 0.000000 = 0.000000
    Sine(0.000000) = 0.000000
++++++ END

[+] AFL test case: id:000001,src:000000,time:58,execs:156,op:havoc,rep:2,+cov (1 / 2), cycle: 0
    Non-zero exit status '25' for CMD: /usr/bin/lcov --no-checksum -r /tmp/tmpW4sNO1 /usr/include/\*  --output-file /home/brooke/Code-Coverage-Tools-Benchmark/afl_outputs/math_ops_afl_output/default//cov/lcov/trace.lcov_info_final
lcov: ERROR: 'exclude' pattern '/usr/include/*' is unused.
	(use "lcov --ignore-errors unused ..." to bypass this error)
Removed 0 files
Writing data to /home/brooke/Code-Coverage-Tools-Benchmark/afl_outputs/math_ops_afl_output/default//cov/lcov/trace.lcov_info_final
Summary coverage rate:
  lines......: 10.8% (20 of 185 lines)
  functions..: 11.8% (2 of 17 functions)
  branches...: no data found
    lines......: 10.8% (20 of 185 lines)
    functions..: 11.8% (2 of 17 functions)

    Coverage diff id:000000,time:0,execs:0,orig:testcase1 id:000001,src:000000,time:58,execs:156,op:havoc,rep:2,+cov
diff id:000000,time:0,execs:0,orig:testcase1 -> id:000001,src:000000,time:58,execs:156,op:havoc,rep:2,+cov
Src file: /home/brooke/Code-Coverage-Tools-Benchmark/tests/math_ops.c
  New 'line' coverage: 18

[+] Processed 2 / 2 test cases.

[+] Final zero coverage report: /home/brooke/Code-Coverage-Tools-Benchmark/afl_outputs/math_ops_afl_output/default//cov/zero-cov
[+] Final positive coverage report: /home/brooke/Code-Coverage-Tools-Benchmark/afl_outputs/math_ops_afl_output/default//cov/pos-cov
    Non-zero exit status '25' for CMD: /usr/bin/lcov --no-checksum -r /tmp/tmpNk4Ej0 /usr/include/\*  --output-file /home/brooke/Code-Coverage-Tools-Benchmark/afl_outputs/math_ops_afl_output/default//cov/lcov/trace.lcov_info_final
lcov: ERROR: 'exclude' pattern '/usr/include/*' is unused.
	(use "lcov --ignore-errors unused ..." to bypass this error)
Removed 0 files
Writing data to /home/brooke/Code-Coverage-Tools-Benchmark/afl_outputs/math_ops_afl_output/default//cov/lcov/trace.lcov_info_final
Summary coverage rate:
  lines......: 10.8% (20 of 185 lines)
  functions..: 11.8% (2 of 17 functions)
  branches...: no data found
    lines......: 10.8% (20 of 185 lines)
    functions..: 11.8% (2 of 17 functions)
[+] Final lcov web report: /home/brooke/Code-Coverage-Tools-Benchmark/afl_outputs/math_ops_afl_output/default//cov/web/index.html
