
*** Imported 27 new test cases from: /home/brooke/Code-Coverage-Tools-Benchmark/afl_outputs/conditional_logic_afl_output/default//queue

[+] AFL test case: id:000000,time:0,execs:0,orig:testcase1 (0 / 27), cycle: 0
    Non-zero exit status '25' for CMD: /usr/bin/lcov --no-checksum -r /tmp/tmpIXBItp /usr/include/\*  --output-file /home/brooke/Code-Coverage-Tools-Benchmark/afl_outputs/conditional_logic_afl_output/default//cov/lcov/trace.lcov_info_final
lcov: ERROR: 'exclude' pattern '/usr/include/*' is unused.
	(use "lcov --ignore-errors unused ..." to bypass this error)
Removed 0 files
Writing data to /home/brooke/Code-Coverage-Tools-Benchmark/afl_outputs/conditional_logic_afl_output/default//cov/lcov/trace.lcov_info_final
Summary coverage rate:
  lines......: 7.6% (14 of 185 lines)
  functions..: 11.8% (2 of 17 functions)
  branches...: no data found
    lines......: 7.6% (14 of 185 lines)
    functions..: 11.8% (2 of 17 functions)

    Coverage diff (init) id:000000,time:0,execs:0,orig:testcase1
diff (init) -> id:000000,time:0,execs:0,orig:testcase1
New src file: /home/brooke/Code-Coverage-Tools-Benchmark/tests/conditional_logic.c
  New 'function' coverage: calendar()
  New 'function' coverage: main()
  New 'line' coverage: 10
  New 'line' coverage: 11
  New 'line' coverage: 12
  New 'line' coverage: 36
  New 'line' coverage: 37
  New 'line' coverage: 63
  New 'line' coverage: 65
  New 'line' coverage: 72
  New 'line' coverage: 74
  New 'line' coverage: 75
  New 'line' coverage: 77
  New 'line' coverage: 78
  New 'line' coverage: 8
  New 'line' coverage: 9



++++++ BEGIN - first exec output for CMD: /home/brooke/Code-Coverage-Tools-Benchmark/afl_build/conditional_logic_afl /home/brooke/Code-Coverage-Tools-Benchmark/afl_outputs/conditional_logic_afl_output/default//queue/id:000000,time:0,execs:0,orig:testcase1
    Sunday
    January
++++++ END

[+] AFL test case: id:000001,src:000000,time:2,execs:9,op:quick,pos:0,+cov (1 / 27), cycle: 0
    Non-zero exit status '25' for CMD: /usr/bin/lcov --no-checksum -r /tmp/tmp6U9i3N /usr/include/\*  --output-file /home/brooke/Code-Coverage-Tools-Benchmark/afl_outputs/conditional_logic_afl_output/default//cov/lcov/trace.lcov_info_final
lcov: ERROR: 'exclude' pattern '/usr/include/*' is unused.
	(use "lcov --ignore-errors unused ..." to bypass this error)
Removed 0 files
Writing data to /home/brooke/Code-Coverage-Tools-Benchmark/afl_outputs/conditional_logic_afl_output/default//cov/lcov/trace.lcov_info_final
Summary coverage rate:
  lines......: 15.7% (29 of 185 lines)
  functions..: 11.8% (2 of 17 functions)
  branches...: no data found
    lines......: 15.7% (29 of 185 lines)
    functions..: 11.8% (2 of 17 functions)

    Coverage diff id:000000,time:0,execs:0,orig:testcase1 id:000001,src:000000,time:2,execs:9,op:quick,pos:0,+cov
diff id:000000,time:0,execs:0,orig:testcase1 -> id:000001,src:000000,time:2,execs:9,op:quick,pos:0,+cov
Src file: /home/brooke/Code-Coverage-Tools-Benchmark/tests/conditional_logic.c
  New 'line' coverage: 31
  New 'line' coverage: 32
  New 'line' coverage: 33
  New 'line' coverage: 38
  New 'line' coverage: 40
  New 'line' coverage: 42
  New 'line' coverage: 44
  New 'line' coverage: 46
  New 'line' coverage: 48
  New 'line' coverage: 50
  New 'line' coverage: 52
  New 'line' coverage: 54
  New 'line' coverage: 56
  New 'line' coverage: 58
  New 'line' coverage: 61

[+] AFL test case: id:000002,src:000000,time:4,execs:17,op:quick,pos:1,+cov (2 / 27), cycle: 0
    Non-zero exit status '25' for CMD: /usr/bin/lcov --no-checksum -r /tmp/tmpKOzZtI /usr/include/\*  --output-file /home/brooke/Code-Coverage-Tools-Benchmark/afl_outputs/conditional_logic_afl_output/default//cov/lcov/trace.lcov_info_final
lcov: ERROR: 'exclude' pattern '/usr/include/*' is unused.
	(use "lcov --ignore-errors unused ..." to bypass this error)
Removed 0 files
Writing data to /home/brooke/Code-Coverage-Tools-Benchmark/afl_outputs/conditional_logic_afl_output/default//cov/lcov/trace.lcov_info_final
Summary coverage rate:
  lines......: 15.7% (29 of 185 lines)
  functions..: 11.8% (2 of 17 functions)
  branches...: no data found
    lines......: 15.7% (29 of 185 lines)
    functions..: 11.8% (2 of 17 functions)
[+] AFL test case: id:000003,src:000000,time:8,execs:31,op:flip1,pos:0,+cov (3 / 27), cycle: 0
    Non-zero exit status '25' for CMD: /usr/bin/lcov --no-checksum -r /tmp/tmp8yZXxa /usr/include/\*  --output-file /home/brooke/Code-Coverage-Tools-Benchmark/afl_outputs/conditional_logic_afl_output/default//cov/lcov/trace.lcov_info_final
lcov: ERROR: 'exclude' pattern '/usr/include/*' is unused.
	(use "lcov --ignore-errors unused ..." to bypass this error)
Removed 0 files
Writing data to /home/brooke/Code-Coverage-Tools-Benchmark/afl_outputs/conditional_logic_afl_output/default//cov/lcov/trace.lcov_info_final
Summary coverage rate:
  lines......: 15.7% (29 of 185 lines)
  functions..: 11.8% (2 of 17 functions)
  branches...: no data found
    lines......: 15.7% (29 of 185 lines)
    functions..: 11.8% (2 of 17 functions)
[+] AFL test case: id:000004,src:000000,time:11,execs:39,op:flip1,pos:0,+cov (4 / 27), cycle: 0
    Non-zero exit status '25' for CMD: /usr/bin/lcov --no-checksum -r /tmp/tmpFoS9GS /usr/include/\*  --output-file /home/brooke/Code-Coverage-Tools-Benchmark/afl_outputs/conditional_logic_afl_output/default//cov/lcov/trace.lcov_info_final
lcov: ERROR: 'exclude' pattern '/usr/include/*' is unused.
	(use "lcov --ignore-errors unused ..." to bypass this error)
Removed 0 files
Writing data to /home/brooke/Code-Coverage-Tools-Benchmark/afl_outputs/conditional_logic_afl_output/default//cov/lcov/trace.lcov_info_final
Summary coverage rate:
  lines......: 17.3% (32 of 185 lines)
  functions..: 11.8% (2 of 17 functions)
  branches...: no data found
    lines......: 17.3% (32 of 185 lines)
    functions..: 11.8% (2 of 17 functions)

    Coverage diff id:000003,src:000000,time:8,execs:31,op:flip1,pos:0,+cov id:000004,src:000000,time:11,execs:39,op:flip1,pos:0,+cov
diff id:000003,src:000000,time:8,execs:31,op:flip1,pos:0,+cov -> id:000004,src:000000,time:11,execs:39,op:flip1,pos:0,+cov
Src file: /home/brooke/Code-Coverage-Tools-Benchmark/tests/conditional_logic.c
  New 'line' coverage: 22
  New 'line' coverage: 23
  New 'line' coverage: 24

[+] AFL test case: id:000005,src:000000,time:13,execs:47,op:flip1,pos:0,+cov (5 / 27), cycle: 0
    Non-zero exit status '25' for CMD: /usr/bin/lcov --no-checksum -r /tmp/tmphrOoUe /usr/include/\*  --output-file /home/brooke/Code-Coverage-Tools-Benchmark/afl_outputs/conditional_logic_afl_output/default//cov/lcov/trace.lcov_info_final
lcov: ERROR: 'exclude' pattern '/usr/include/*' is unused.
	(use "lcov --ignore-errors unused ..." to bypass this error)
Removed 0 files
Writing data to /home/brooke/Code-Coverage-Tools-Benchmark/afl_outputs/conditional_logic_afl_output/default//cov/lcov/trace.lcov_info_final
Summary coverage rate:
  lines......: 18.9% (35 of 185 lines)
  functions..: 11.8% (2 of 17 functions)
  branches...: no data found
    lines......: 18.9% (35 of 185 lines)
    functions..: 11.8% (2 of 17 functions)

    Coverage diff id:000004,src:000000,time:11,execs:39,op:flip1,pos:0,+cov id:000005,src:000000,time:13,execs:47,op:flip1,pos:0,+cov
diff id:000004,src:000000,time:11,execs:39,op:flip1,pos:0,+cov -> id:000005,src:000000,time:13,execs:47,op:flip1,pos:0,+cov
Src file: /home/brooke/Code-Coverage-Tools-Benchmark/tests/conditional_logic.c
  New 'line' coverage: 16
  New 'line' coverage: 17
  New 'line' coverage: 18

[+] AFL test case: id:000006,src:000000,time:19,execs:69,op:flip2,pos:0,+cov (6 / 27), cycle: 0
    Non-zero exit status '25' for CMD: /usr/bin/lcov --no-checksum -r /tmp/tmpgOn8kv /usr/include/\*  --output-file /home/brooke/Code-Coverage-Tools-Benchmark/afl_outputs/conditional_logic_afl_output/default//cov/lcov/trace.lcov_info_final
lcov: ERROR: 'exclude' pattern '/usr/include/*' is unused.
	(use "lcov --ignore-errors unused ..." to bypass this error)
Removed 0 files
Writing data to /home/brooke/Code-Coverage-Tools-Benchmark/afl_outputs/conditional_logic_afl_output/default//cov/lcov/trace.lcov_info_final
Summary coverage rate:
  lines......: 20.5% (38 of 185 lines)
  functions..: 11.8% (2 of 17 functions)
  branches...: no data found
    lines......: 20.5% (38 of 185 lines)
    functions..: 11.8% (2 of 17 functions)

    Coverage diff id:000005,src:000000,time:13,execs:47,op:flip1,pos:0,+cov id:000006,src:000000,time:19,execs:69,op:flip2,pos:0,+cov
diff id:000005,src:000000,time:13,execs:47,op:flip1,pos:0,+cov -> id:000006,src:000000,time:19,execs:69,op:flip2,pos:0,+cov
Src file: /home/brooke/Code-Coverage-Tools-Benchmark/tests/conditional_logic.c
  New 'line' coverage: 28
  New 'line' coverage: 29
  New 'line' coverage: 30

[+] AFL test case: id:000007,src:000000,time:22,execs:77,op:flip2,pos:0,+cov (7 / 27), cycle: 0
    Non-zero exit status '25' for CMD: /usr/bin/lcov --no-checksum -r /tmp/tmp8yRuVr /usr/include/\*  --output-file /home/brooke/Code-Coverage-Tools-Benchmark/afl_outputs/conditional_logic_afl_output/default//cov/lcov/trace.lcov_info_final
lcov: ERROR: 'exclude' pattern '/usr/include/*' is unused.
	(use "lcov --ignore-errors unused ..." to bypass this error)
Removed 0 files
Writing data to /home/brooke/Code-Coverage-Tools-Benchmark/afl_outputs/conditional_logic_afl_output/default//cov/lcov/trace.lcov_info_final
Summary coverage rate:
  lines......: 22.2% (41 of 185 lines)
  functions..: 11.8% (2 of 17 functions)
  branches...: no data found
    lines......: 22.2% (41 of 185 lines)
    functions..: 11.8% (2 of 17 functions)

    Coverage diff id:000006,src:000000,time:19,execs:69,op:flip2,pos:0,+cov id:000007,src:000000,time:22,execs:77,op:flip2,pos:0,+cov
diff id:000006,src:000000,time:19,execs:69,op:flip2,pos:0,+cov -> id:000007,src:000000,time:22,execs:77,op:flip2,pos:0,+cov
Src file: /home/brooke/Code-Coverage-Tools-Benchmark/tests/conditional_logic.c
  New 'line' coverage: 13
  New 'line' coverage: 14
  New 'line' coverage: 15

[+] AFL test case: id:000008,src:000000,time:28,execs:99,op:flip4,pos:0,+cov (8 / 27), cycle: 0
    Non-zero exit status '25' for CMD: /usr/bin/lcov --no-checksum -r /tmp/tmpHOfx5R /usr/include/\*  --output-file /home/brooke/Code-Coverage-Tools-Benchmark/afl_outputs/conditional_logic_afl_output/default//cov/lcov/trace.lcov_info_final
lcov: ERROR: 'exclude' pattern '/usr/include/*' is unused.
	(use "lcov --ignore-errors unused ..." to bypass this error)
Removed 0 files
Writing data to /home/brooke/Code-Coverage-Tools-Benchmark/afl_outputs/conditional_logic_afl_output/default//cov/lcov/trace.lcov_info_final
Summary coverage rate:
  lines......: 23.8% (44 of 185 lines)
  functions..: 11.8% (2 of 17 functions)
  branches...: no data found
    lines......: 23.8% (44 of 185 lines)
    functions..: 11.8% (2 of 17 functions)

    Coverage diff id:000007,src:000000,time:22,execs:77,op:flip2,pos:0,+cov id:000008,src:000000,time:28,execs:99,op:flip4,pos:0,+cov
diff id:000007,src:000000,time:22,execs:77,op:flip2,pos:0,+cov -> id:000008,src:000000,time:28,execs:99,op:flip4,pos:0,+cov
Src file: /home/brooke/Code-Coverage-Tools-Benchmark/tests/conditional_logic.c
  New 'line' coverage: 25
  New 'line' coverage: 26
  New 'line' coverage: 27

[+] AFL test case: id:000009,src:000000,time:30,execs:107,op:flip4,pos:0,+cov (9 / 27), cycle: 0
    Non-zero exit status '25' for CMD: /usr/bin/lcov --no-checksum -r /tmp/tmp6tfl_F /usr/include/\*  --output-file /home/brooke/Code-Coverage-Tools-Benchmark/afl_outputs/conditional_logic_afl_output/default//cov/lcov/trace.lcov_info_final
lcov: ERROR: 'exclude' pattern '/usr/include/*' is unused.
	(use "lcov --ignore-errors unused ..." to bypass this error)
Removed 0 files
Writing data to /home/brooke/Code-Coverage-Tools-Benchmark/afl_outputs/conditional_logic_afl_output/default//cov/lcov/trace.lcov_info_final
Summary coverage rate:
  lines......: 23.8% (44 of 185 lines)
  functions..: 11.8% (2 of 17 functions)
  branches...: no data found
    lines......: 23.8% (44 of 185 lines)
    functions..: 11.8% (2 of 17 functions)
[+] AFL test case: id:000010,src:000000,time:39,execs:128,op:arith8,pos:0,val:+3,+cov (10 / 27), cycle: 0
    Non-zero exit status '25' for CMD: /usr/bin/lcov --no-checksum -r /tmp/tmpwWpUia /usr/include/\*  --output-file /home/brooke/Code-Coverage-Tools-Benchmark/afl_outputs/conditional_logic_afl_output/default//cov/lcov/trace.lcov_info_final
lcov: ERROR: 'exclude' pattern '/usr/include/*' is unused.
	(use "lcov --ignore-errors unused ..." to bypass this error)
Removed 0 files
Writing data to /home/brooke/Code-Coverage-Tools-Benchmark/afl_outputs/conditional_logic_afl_output/default//cov/lcov/trace.lcov_info_final
Summary coverage rate:
  lines......: 25.4% (47 of 185 lines)
  functions..: 11.8% (2 of 17 functions)
  branches...: no data found
    lines......: 25.4% (47 of 185 lines)
    functions..: 11.8% (2 of 17 functions)

    Coverage diff id:000009,src:000000,time:30,execs:107,op:flip4,pos:0,+cov id:000010,src:000000,time:39,execs:128,op:arith8,pos:0,val:+3,+cov
diff id:000009,src:000000,time:30,execs:107,op:flip4,pos:0,+cov -> id:000010,src:000000,time:39,execs:128,op:arith8,pos:0,val:+3,+cov
Src file: /home/brooke/Code-Coverage-Tools-Benchmark/tests/conditional_logic.c
  New 'line' coverage: 19
  New 'line' coverage: 20
  New 'line' coverage: 21

[+] AFL test case: id:000011,src:000000,time:43,execs:138,op:arith8,pos:0,val:+5,+cov (11 / 27), cycle: 0
    Non-zero exit status '25' for CMD: /usr/bin/lcov --no-checksum -r /tmp/tmpg1V6dj /usr/include/\*  --output-file /home/brooke/Code-Coverage-Tools-Benchmark/afl_outputs/conditional_logic_afl_output/default//cov/lcov/trace.lcov_info_final
lcov: ERROR: 'exclude' pattern '/usr/include/*' is unused.
	(use "lcov --ignore-errors unused ..." to bypass this error)
Removed 0 files
Writing data to /home/brooke/Code-Coverage-Tools-Benchmark/afl_outputs/conditional_logic_afl_output/default//cov/lcov/trace.lcov_info_final
Summary coverage rate:
  lines......: 25.4% (47 of 185 lines)
  functions..: 11.8% (2 of 17 functions)
  branches...: no data found
    lines......: 25.4% (47 of 185 lines)
    functions..: 11.8% (2 of 17 functions)
[+] AFL test case: id:000012,src:000000,time:95,execs:323,op:havoc,rep:3,+cov (12 / 27), cycle: 0
    Non-zero exit status '25' for CMD: /usr/bin/lcov --no-checksum -r /tmp/tmpidipHJ /usr/include/\*  --output-file /home/brooke/Code-Coverage-Tools-Benchmark/afl_outputs/conditional_logic_afl_output/default//cov/lcov/trace.lcov_info_final
lcov: ERROR: 'exclude' pattern '/usr/include/*' is unused.
	(use "lcov --ignore-errors unused ..." to bypass this error)
Removed 0 files
Writing data to /home/brooke/Code-Coverage-Tools-Benchmark/afl_outputs/conditional_logic_afl_output/default//cov/lcov/trace.lcov_info_final
Summary coverage rate:
  lines......: 25.9% (48 of 185 lines)
  functions..: 11.8% (2 of 17 functions)
  branches...: no data found
    lines......: 25.9% (48 of 185 lines)
    functions..: 11.8% (2 of 17 functions)

    Coverage diff id:000011,src:000000,time:43,execs:138,op:arith8,pos:0,val:+5,+cov id:000012,src:000000,time:95,execs:323,op:havoc,rep:3,+cov
diff id:000011,src:000000,time:43,execs:138,op:arith8,pos:0,val:+5,+cov -> id:000012,src:000000,time:95,execs:323,op:havoc,rep:3,+cov
Src file: /home/brooke/Code-Coverage-Tools-Benchmark/tests/conditional_logic.c
  New 'line' coverage: 57

[+] AFL test case: id:000013,src:000000,time:104,execs:357,op:havoc,rep:3,+cov (13 / 27), cycle: 0
    Non-zero exit status '25' for CMD: /usr/bin/lcov --no-checksum -r /tmp/tmpY7pxkt /usr/include/\*  --output-file /home/brooke/Code-Coverage-Tools-Benchmark/afl_outputs/conditional_logic_afl_output/default//cov/lcov/trace.lcov_info_final
lcov: ERROR: 'exclude' pattern '/usr/include/*' is unused.
	(use "lcov --ignore-errors unused ..." to bypass this error)
Removed 0 files
Writing data to /home/brooke/Code-Coverage-Tools-Benchmark/afl_outputs/conditional_logic_afl_output/default//cov/lcov/trace.lcov_info_final
Summary coverage rate:
  lines......: 25.9% (48 of 185 lines)
  functions..: 11.8% (2 of 17 functions)
  branches...: no data found
    lines......: 25.9% (48 of 185 lines)
    functions..: 11.8% (2 of 17 functions)
[+] AFL test case: id:000014,src:000000,time:108,execs:373,op:havoc,rep:1,+cov (14 / 27), cycle: 0
    Non-zero exit status '25' for CMD: /usr/bin/lcov --no-checksum -r /tmp/tmp0ndEnF /usr/include/\*  --output-file /home/brooke/Code-Coverage-Tools-Benchmark/afl_outputs/conditional_logic_afl_output/default//cov/lcov/trace.lcov_info_final
lcov: ERROR: 'exclude' pattern '/usr/include/*' is unused.
	(use "lcov --ignore-errors unused ..." to bypass this error)
Removed 0 files
Writing data to /home/brooke/Code-Coverage-Tools-Benchmark/afl_outputs/conditional_logic_afl_output/default//cov/lcov/trace.lcov_info_final
Summary coverage rate:
  lines......: 26.5% (49 of 185 lines)
  functions..: 11.8% (2 of 17 functions)
  branches...: no data found
    lines......: 26.5% (49 of 185 lines)
    functions..: 11.8% (2 of 17 functions)

    Coverage diff id:000013,src:000000,time:104,execs:357,op:havoc,rep:3,+cov id:000014,src:000000,time:108,execs:373,op:havoc,rep:1,+cov
diff id:000013,src:000000,time:104,execs:357,op:havoc,rep:3,+cov -> id:000014,src:000000,time:108,execs:373,op:havoc,rep:1,+cov
Src file: /home/brooke/Code-Coverage-Tools-Benchmark/tests/conditional_logic.c
  New 'line' coverage: 49

[+] AFL test case: id:000015,src:000000,time:115,execs:396,op:havoc,rep:3,+cov (15 / 27), cycle: 0
    Non-zero exit status '25' for CMD: /usr/bin/lcov --no-checksum -r /tmp/tmpWJPSTP /usr/include/\*  --output-file /home/brooke/Code-Coverage-Tools-Benchmark/afl_outputs/conditional_logic_afl_output/default//cov/lcov/trace.lcov_info_final
lcov: ERROR: 'exclude' pattern '/usr/include/*' is unused.
	(use "lcov --ignore-errors unused ..." to bypass this error)
Removed 0 files
Writing data to /home/brooke/Code-Coverage-Tools-Benchmark/afl_outputs/conditional_logic_afl_output/default//cov/lcov/trace.lcov_info_final
Summary coverage rate:
  lines......: 26.5% (49 of 185 lines)
  functions..: 11.8% (2 of 17 functions)
  branches...: no data found
    lines......: 26.5% (49 of 185 lines)
    functions..: 11.8% (2 of 17 functions)
[+] AFL test case: id:000016,src:000000,time:124,execs:421,op:havoc,rep:1,+cov (16 / 27), cycle: 0
    Non-zero exit status '25' for CMD: /usr/bin/lcov --no-checksum -r /tmp/tmpNdxyxV /usr/include/\*  --output-file /home/brooke/Code-Coverage-Tools-Benchmark/afl_outputs/conditional_logic_afl_output/default//cov/lcov/trace.lcov_info_final
lcov: ERROR: 'exclude' pattern '/usr/include/*' is unused.
	(use "lcov --ignore-errors unused ..." to bypass this error)
Removed 0 files
Writing data to /home/brooke/Code-Coverage-Tools-Benchmark/afl_outputs/conditional_logic_afl_output/default//cov/lcov/trace.lcov_info_final
Summary coverage rate:
  lines......: 27.0% (50 of 185 lines)
  functions..: 11.8% (2 of 17 functions)
  branches...: no data found
    lines......: 27.0% (50 of 185 lines)
    functions..: 11.8% (2 of 17 functions)

    Coverage diff id:000015,src:000000,time:115,execs:396,op:havoc,rep:3,+cov id:000016,src:000000,time:124,execs:421,op:havoc,rep:1,+cov
diff id:000015,src:000000,time:115,execs:396,op:havoc,rep:3,+cov -> id:000016,src:000000,time:124,execs:421,op:havoc,rep:1,+cov
Src file: /home/brooke/Code-Coverage-Tools-Benchmark/tests/conditional_logic.c
  New 'line' coverage: 39

[+] AFL test case: id:000017,src:000000,time:136,execs:458,op:havoc,rep:1,+cov (17 / 27), cycle: 0
    Non-zero exit status '25' for CMD: /usr/bin/lcov --no-checksum -r /tmp/tmps4rPKv /usr/include/\*  --output-file /home/brooke/Code-Coverage-Tools-Benchmark/afl_outputs/conditional_logic_afl_output/default//cov/lcov/trace.lcov_info_final
lcov: ERROR: 'exclude' pattern '/usr/include/*' is unused.
	(use "lcov --ignore-errors unused ..." to bypass this error)
Removed 0 files
Writing data to /home/brooke/Code-Coverage-Tools-Benchmark/afl_outputs/conditional_logic_afl_output/default//cov/lcov/trace.lcov_info_final
Summary coverage rate:
  lines......: 27.6% (51 of 185 lines)
  functions..: 11.8% (2 of 17 functions)
  branches...: no data found
    lines......: 27.6% (51 of 185 lines)
    functions..: 11.8% (2 of 17 functions)

    Coverage diff id:000016,src:000000,time:124,execs:421,op:havoc,rep:1,+cov id:000017,src:000000,time:136,execs:458,op:havoc,rep:1,+cov
diff id:000016,src:000000,time:124,execs:421,op:havoc,rep:1,+cov -> id:000017,src:000000,time:136,execs:458,op:havoc,rep:1,+cov
Src file: /home/brooke/Code-Coverage-Tools-Benchmark/tests/conditional_logic.c
  New 'line' coverage: 45

[+] AFL test case: id:000018,src:000000,time:168,execs:566,op:havoc,rep:2,+cov (18 / 27), cycle: 0
    Non-zero exit status '25' for CMD: /usr/bin/lcov --no-checksum -r /tmp/tmpet8IHO /usr/include/\*  --output-file /home/brooke/Code-Coverage-Tools-Benchmark/afl_outputs/conditional_logic_afl_output/default//cov/lcov/trace.lcov_info_final
lcov: ERROR: 'exclude' pattern '/usr/include/*' is unused.
	(use "lcov --ignore-errors unused ..." to bypass this error)
Removed 0 files
Writing data to /home/brooke/Code-Coverage-Tools-Benchmark/afl_outputs/conditional_logic_afl_output/default//cov/lcov/trace.lcov_info_final
Summary coverage rate:
  lines......: 28.1% (52 of 185 lines)
  functions..: 11.8% (2 of 17 functions)
  branches...: no data found
    lines......: 28.1% (52 of 185 lines)
    functions..: 11.8% (2 of 17 functions)

    Coverage diff id:000017,src:000000,time:136,execs:458,op:havoc,rep:1,+cov id:000018,src:000000,time:168,execs:566,op:havoc,rep:2,+cov
diff id:000017,src:000000,time:136,execs:458,op:havoc,rep:1,+cov -> id:000018,src:000000,time:168,execs:566,op:havoc,rep:2,+cov
Src file: /home/brooke/Code-Coverage-Tools-Benchmark/tests/conditional_logic.c
  New 'line' coverage: 59

[+] AFL test case: id:000019,src:000000,time:302,execs:1015,op:havoc,rep:3,+cov (19 / 27), cycle: 0
    Non-zero exit status '25' for CMD: /usr/bin/lcov --no-checksum -r /tmp/tmprp5xCG /usr/include/\*  --output-file /home/brooke/Code-Coverage-Tools-Benchmark/afl_outputs/conditional_logic_afl_output/default//cov/lcov/trace.lcov_info_final
lcov: ERROR: 'exclude' pattern '/usr/include/*' is unused.
	(use "lcov --ignore-errors unused ..." to bypass this error)
Removed 0 files
Writing data to /home/brooke/Code-Coverage-Tools-Benchmark/afl_outputs/conditional_logic_afl_output/default//cov/lcov/trace.lcov_info_final
Summary coverage rate:
  lines......: 28.6% (53 of 185 lines)
  functions..: 11.8% (2 of 17 functions)
  branches...: no data found
    lines......: 28.6% (53 of 185 lines)
    functions..: 11.8% (2 of 17 functions)

    Coverage diff id:000018,src:000000,time:168,execs:566,op:havoc,rep:2,+cov id:000019,src:000000,time:302,execs:1015,op:havoc,rep:3,+cov
diff id:000018,src:000000,time:168,execs:566,op:havoc,rep:2,+cov -> id:000019,src:000000,time:302,execs:1015,op:havoc,rep:3,+cov
Src file: /home/brooke/Code-Coverage-Tools-Benchmark/tests/conditional_logic.c
  New 'line' coverage: 53

[+] AFL test case: id:000020,src:000000,time:307,execs:1035,op:havoc,rep:3,+cov (20 / 27), cycle: 0
    Non-zero exit status '25' for CMD: /usr/bin/lcov --no-checksum -r /tmp/tmpQOdL8J /usr/include/\*  --output-file /home/brooke/Code-Coverage-Tools-Benchmark/afl_outputs/conditional_logic_afl_output/default//cov/lcov/trace.lcov_info_final
lcov: ERROR: 'exclude' pattern '/usr/include/*' is unused.
	(use "lcov --ignore-errors unused ..." to bypass this error)
Removed 0 files
Writing data to /home/brooke/Code-Coverage-Tools-Benchmark/afl_outputs/conditional_logic_afl_output/default//cov/lcov/trace.lcov_info_final
Summary coverage rate:
  lines......: 29.2% (54 of 185 lines)
  functions..: 11.8% (2 of 17 functions)
  branches...: no data found
    lines......: 29.2% (54 of 185 lines)
    functions..: 11.8% (2 of 17 functions)

    Coverage diff id:000019,src:000000,time:302,execs:1015,op:havoc,rep:3,+cov id:000020,src:000000,time:307,execs:1035,op:havoc,rep:3,+cov
diff id:000019,src:000000,time:302,execs:1015,op:havoc,rep:3,+cov -> id:000020,src:000000,time:307,execs:1035,op:havoc,rep:3,+cov
Src file: /home/brooke/Code-Coverage-Tools-Benchmark/tests/conditional_logic.c
  New 'line' coverage: 41

[+] AFL test case: id:000021,src:000000,time:347,execs:1171,op:havoc,rep:4,+cov (21 / 27), cycle: 0
    Non-zero exit status '25' for CMD: /usr/bin/lcov --no-checksum -r /tmp/tmpd0moLz /usr/include/\*  --output-file /home/brooke/Code-Coverage-Tools-Benchmark/afl_outputs/conditional_logic_afl_output/default//cov/lcov/trace.lcov_info_final
lcov: ERROR: 'exclude' pattern '/usr/include/*' is unused.
	(use "lcov --ignore-errors unused ..." to bypass this error)
Removed 0 files
Writing data to /home/brooke/Code-Coverage-Tools-Benchmark/afl_outputs/conditional_logic_afl_output/default//cov/lcov/trace.lcov_info_final
Summary coverage rate:
  lines......: 29.7% (55 of 185 lines)
  functions..: 11.8% (2 of 17 functions)
  branches...: no data found
    lines......: 29.7% (55 of 185 lines)
    functions..: 11.8% (2 of 17 functions)

    Coverage diff id:000020,src:000000,time:307,execs:1035,op:havoc,rep:3,+cov id:000021,src:000000,time:347,execs:1171,op:havoc,rep:4,+cov
diff id:000020,src:000000,time:307,execs:1035,op:havoc,rep:3,+cov -> id:000021,src:000000,time:347,execs:1171,op:havoc,rep:4,+cov
Src file: /home/brooke/Code-Coverage-Tools-Benchmark/tests/conditional_logic.c
  New 'line' coverage: 47

[+] AFL test case: id:000022,src:000000,time:421,execs:1428,op:havoc,rep:3,+cov (22 / 27), cycle: 0
    Non-zero exit status '25' for CMD: /usr/bin/lcov --no-checksum -r /tmp/tmp6BUXI9 /usr/include/\*  --output-file /home/brooke/Code-Coverage-Tools-Benchmark/afl_outputs/conditional_logic_afl_output/default//cov/lcov/trace.lcov_info_final
lcov: ERROR: 'exclude' pattern '/usr/include/*' is unused.
	(use "lcov --ignore-errors unused ..." to bypass this error)
Removed 0 files
Writing data to /home/brooke/Code-Coverage-Tools-Benchmark/afl_outputs/conditional_logic_afl_output/default//cov/lcov/trace.lcov_info_final
Summary coverage rate:
  lines......: 29.7% (55 of 185 lines)
  functions..: 11.8% (2 of 17 functions)
  branches...: no data found
    lines......: 29.7% (55 of 185 lines)
    functions..: 11.8% (2 of 17 functions)
[+] AFL test case: id:000023,src:000000,time:480,execs:1626,op:havoc,rep:3,+cov (23 / 27), cycle: 0
    Non-zero exit status '25' for CMD: /usr/bin/lcov --no-checksum -r /tmp/tmpwDByjb /usr/include/\*  --output-file /home/brooke/Code-Coverage-Tools-Benchmark/afl_outputs/conditional_logic_afl_output/default//cov/lcov/trace.lcov_info_final
lcov: ERROR: 'exclude' pattern '/usr/include/*' is unused.
	(use "lcov --ignore-errors unused ..." to bypass this error)
Removed 0 files
Writing data to /home/brooke/Code-Coverage-Tools-Benchmark/afl_outputs/conditional_logic_afl_output/default//cov/lcov/trace.lcov_info_final
Summary coverage rate:
  lines......: 30.3% (56 of 185 lines)
  functions..: 11.8% (2 of 17 functions)
  branches...: no data found
    lines......: 30.3% (56 of 185 lines)
    functions..: 11.8% (2 of 17 functions)

    Coverage diff id:000022,src:000000,time:421,execs:1428,op:havoc,rep:3,+cov id:000023,src:000000,time:480,execs:1626,op:havoc,rep:3,+cov
diff id:000022,src:000000,time:421,execs:1428,op:havoc,rep:3,+cov -> id:000023,src:000000,time:480,execs:1626,op:havoc,rep:3,+cov
Src file: /home/brooke/Code-Coverage-Tools-Benchmark/tests/conditional_logic.c
  New 'line' coverage: 43

[+] AFL test case: id:000024,src:000000,time:716,execs:2459,op:havoc,rep:2,+cov (24 / 27), cycle: 0
    Non-zero exit status '25' for CMD: /usr/bin/lcov --no-checksum -r /tmp/tmpfDeiCf /usr/include/\*  --output-file /home/brooke/Code-Coverage-Tools-Benchmark/afl_outputs/conditional_logic_afl_output/default//cov/lcov/trace.lcov_info_final
lcov: ERROR: 'exclude' pattern '/usr/include/*' is unused.
	(use "lcov --ignore-errors unused ..." to bypass this error)
Removed 0 files
Writing data to /home/brooke/Code-Coverage-Tools-Benchmark/afl_outputs/conditional_logic_afl_output/default//cov/lcov/trace.lcov_info_final
Summary coverage rate:
  lines......: 30.8% (57 of 185 lines)
  functions..: 11.8% (2 of 17 functions)
  branches...: no data found
    lines......: 30.8% (57 of 185 lines)
    functions..: 11.8% (2 of 17 functions)

    Coverage diff id:000023,src:000000,time:480,execs:1626,op:havoc,rep:3,+cov id:000024,src:000000,time:716,execs:2459,op:havoc,rep:2,+cov
diff id:000023,src:000000,time:480,execs:1626,op:havoc,rep:3,+cov -> id:000024,src:000000,time:716,execs:2459,op:havoc,rep:2,+cov
Src file: /home/brooke/Code-Coverage-Tools-Benchmark/tests/conditional_logic.c
  New 'line' coverage: 51

[+] AFL test case: id:000025,src:000000,time:999,execs:3408,op:havoc,rep:4,+cov (25 / 27), cycle: 0
    Non-zero exit status '25' for CMD: /usr/bin/lcov --no-checksum -r /tmp/tmpYw5r4Z /usr/include/\*  --output-file /home/brooke/Code-Coverage-Tools-Benchmark/afl_outputs/conditional_logic_afl_output/default//cov/lcov/trace.lcov_info_final
lcov: ERROR: 'exclude' pattern '/usr/include/*' is unused.
	(use "lcov --ignore-errors unused ..." to bypass this error)
Removed 0 files
Writing data to /home/brooke/Code-Coverage-Tools-Benchmark/afl_outputs/conditional_logic_afl_output/default//cov/lcov/trace.lcov_info_final
Summary coverage rate:
  lines......: 31.4% (58 of 185 lines)
  functions..: 11.8% (2 of 17 functions)
  branches...: no data found
    lines......: 31.4% (58 of 185 lines)
    functions..: 11.8% (2 of 17 functions)

    Coverage diff id:000024,src:000000,time:716,execs:2459,op:havoc,rep:2,+cov id:000025,src:000000,time:999,execs:3408,op:havoc,rep:4,+cov
diff id:000024,src:000000,time:716,execs:2459,op:havoc,rep:2,+cov -> id:000025,src:000000,time:999,execs:3408,op:havoc,rep:4,+cov
Src file: /home/brooke/Code-Coverage-Tools-Benchmark/tests/conditional_logic.c
  New 'line' coverage: 55

[+] AFL test case: id:000026,src:000000,time:1454,execs:4956,op:havoc,rep:4,+cov (26 / 27), cycle: 0
    Non-zero exit status '25' for CMD: /usr/bin/lcov --no-checksum -r /tmp/tmpoz_LmN /usr/include/\*  --output-file /home/brooke/Code-Coverage-Tools-Benchmark/afl_outputs/conditional_logic_afl_output/default//cov/lcov/trace.lcov_info_final
lcov: ERROR: 'exclude' pattern '/usr/include/*' is unused.
	(use "lcov --ignore-errors unused ..." to bypass this error)
Removed 0 files
Writing data to /home/brooke/Code-Coverage-Tools-Benchmark/afl_outputs/conditional_logic_afl_output/default//cov/lcov/trace.lcov_info_final
Summary coverage rate:
  lines......: 31.4% (58 of 185 lines)
  functions..: 11.8% (2 of 17 functions)
  branches...: no data found
    lines......: 31.4% (58 of 185 lines)
    functions..: 11.8% (2 of 17 functions)
[+] Processed 27 / 27 test cases.

[+] Final zero coverage report: /home/brooke/Code-Coverage-Tools-Benchmark/afl_outputs/conditional_logic_afl_output/default//cov/zero-cov
[+] Final positive coverage report: /home/brooke/Code-Coverage-Tools-Benchmark/afl_outputs/conditional_logic_afl_output/default//cov/pos-cov
    Non-zero exit status '25' for CMD: /usr/bin/lcov --no-checksum -r /tmp/tmpXcf8R5 /usr/include/\*  --output-file /home/brooke/Code-Coverage-Tools-Benchmark/afl_outputs/conditional_logic_afl_output/default//cov/lcov/trace.lcov_info_final
lcov: ERROR: 'exclude' pattern '/usr/include/*' is unused.
	(use "lcov --ignore-errors unused ..." to bypass this error)
Removed 0 files
Writing data to /home/brooke/Code-Coverage-Tools-Benchmark/afl_outputs/conditional_logic_afl_output/default//cov/lcov/trace.lcov_info_final
Summary coverage rate:
  lines......: 31.4% (58 of 185 lines)
  functions..: 11.8% (2 of 17 functions)
  branches...: no data found
    lines......: 31.4% (58 of 185 lines)
    functions..: 11.8% (2 of 17 functions)
[+] Final lcov web report: /home/brooke/Code-Coverage-Tools-Benchmark/afl_outputs/conditional_logic_afl_output/default//cov/web/index.html
