
*** Imported 4 new test cases from: /home/brooke/Code-Coverage-Tools-Benchmark/afl_outputs/recursion_afl_output/default//queue

[+] AFL test case: id:000000,time:0,execs:0,orig:testcase1 (0 / 4), cycle: 0
    Non-zero exit status '25' for CMD: /usr/bin/lcov --no-checksum -r /tmp/tmpAK8Lwp /usr/include/\*  --output-file /home/brooke/Code-Coverage-Tools-Benchmark/afl_outputs/recursion_afl_output/default//cov/lcov/trace.lcov_info_final
lcov: ERROR: 'exclude' pattern '/usr/include/*' is unused.
	(use "lcov --ignore-errors unused ..." to bypass this error)
Removed 0 files
Writing data to /home/brooke/Code-Coverage-Tools-Benchmark/afl_outputs/recursion_afl_output/default//cov/lcov/trace.lcov_info_final
Summary coverage rate:
  lines......: 5.4% (10 of 185 lines)
  functions..: 11.8% (2 of 17 functions)
  branches...: no data found
    lines......: 5.4% (10 of 185 lines)
    functions..: 11.8% (2 of 17 functions)

    Coverage diff (init) id:000000,time:0,execs:0,orig:testcase1
diff (init) -> id:000000,time:0,execs:0,orig:testcase1
New src file: /home/brooke/Code-Coverage-Tools-Benchmark/tests/recursion.c
  New 'function' coverage: fibonacci_sequence()
  New 'function' coverage: main()
  New 'line' coverage: 10
  New 'line' coverage: 16
  New 'line' coverage: 23
  New 'line' coverage: 25
  New 'line' coverage: 26
  New 'line' coverage: 28
  New 'line' coverage: 32
  New 'line' coverage: 33
  New 'line' coverage: 8
  New 'line' coverage: 9



++++++ BEGIN - first exec output for CMD: /home/brooke/Code-Coverage-Tools-Benchmark/afl_build/recursion_afl /home/brooke/Code-Coverage-Tools-Benchmark/afl_outputs/recursion_afl_output/default//queue/id:000000,time:0,execs:0,orig:testcase1
    Integer 1 : Fibonacci 1
++++++ END

[+] AFL test case: id:000001,src:000000,time:6,execs:10,op:havoc,rep:8,+cov (1 / 4), cycle: 0
    Non-zero exit status '25' for CMD: /usr/bin/lcov --no-checksum -r /tmp/tmp06i5FA /usr/include/\*  --output-file /home/brooke/Code-Coverage-Tools-Benchmark/afl_outputs/recursion_afl_output/default//cov/lcov/trace.lcov_info_final
lcov: ERROR: 'exclude' pattern '/usr/include/*' is unused.
	(use "lcov --ignore-errors unused ..." to bypass this error)
Removed 0 files
Writing data to /home/brooke/Code-Coverage-Tools-Benchmark/afl_outputs/recursion_afl_output/default//cov/lcov/trace.lcov_info_final
Summary coverage rate:
  lines......: 5.9% (11 of 185 lines)
  functions..: 11.8% (2 of 17 functions)
  branches...: no data found
    lines......: 5.9% (11 of 185 lines)
    functions..: 11.8% (2 of 17 functions)

    Coverage diff id:000000,time:0,execs:0,orig:testcase1 id:000001,src:000000,time:6,execs:10,op:havoc,rep:8,+cov
diff id:000000,time:0,execs:0,orig:testcase1 -> id:000001,src:000000,time:6,execs:10,op:havoc,rep:8,+cov
Src file: /home/brooke/Code-Coverage-Tools-Benchmark/tests/recursion.c
  New 'line' coverage: 12

[+] AFL test case: id:000002,src:000000,time:1036,execs:33,op:havoc,rep:7,+cov (2 / 4), cycle: 0
    Non-zero exit status '25' for CMD: /usr/bin/lcov --no-checksum -r /tmp/tmpTKXXyg /usr/include/\*  --output-file /home/brooke/Code-Coverage-Tools-Benchmark/afl_outputs/recursion_afl_output/default//cov/lcov/trace.lcov_info_final
lcov: ERROR: 'exclude' pattern '/usr/include/*' is unused.
	(use "lcov --ignore-errors unused ..." to bypass this error)
Removed 0 files
Writing data to /home/brooke/Code-Coverage-Tools-Benchmark/afl_outputs/recursion_afl_output/default//cov/lcov/trace.lcov_info_final
Summary coverage rate:
  lines......: 5.9% (11 of 185 lines)
  functions..: 11.8% (2 of 17 functions)
  branches...: no data found
    lines......: 5.9% (11 of 185 lines)
    functions..: 11.8% (2 of 17 functions)
[+] AFL test case: id:000003,src:000000,time:1185,execs:207,op:havoc,rep:7,+cov (3 / 4), cycle: 0
    Non-zero exit status '25' for CMD: /usr/bin/lcov --no-checksum -r /tmp/tmpdM_qN_ /usr/include/\*  --output-file /home/brooke/Code-Coverage-Tools-Benchmark/afl_outputs/recursion_afl_output/default//cov/lcov/trace.lcov_info_final
lcov: ERROR: 'exclude' pattern '/usr/include/*' is unused.
	(use "lcov --ignore-errors unused ..." to bypass this error)
Removed 0 files
Writing data to /home/brooke/Code-Coverage-Tools-Benchmark/afl_outputs/recursion_afl_output/default//cov/lcov/trace.lcov_info_final
Summary coverage rate:
  lines......: 6.5% (12 of 185 lines)
  functions..: 11.8% (2 of 17 functions)
  branches...: no data found
    lines......: 6.5% (12 of 185 lines)
    functions..: 11.8% (2 of 17 functions)

    Coverage diff id:000002,src:000000,time:1036,execs:33,op:havoc,rep:7,+cov id:000003,src:000000,time:1185,execs:207,op:havoc,rep:7,+cov
diff id:000002,src:000000,time:1036,execs:33,op:havoc,rep:7,+cov -> id:000003,src:000000,time:1185,execs:207,op:havoc,rep:7,+cov
Src file: /home/brooke/Code-Coverage-Tools-Benchmark/tests/recursion.c
  New 'line' coverage: 29

[+] Processed 4 / 4 test cases.

[+] Final zero coverage report: /home/brooke/Code-Coverage-Tools-Benchmark/afl_outputs/recursion_afl_output/default//cov/zero-cov
[+] Final positive coverage report: /home/brooke/Code-Coverage-Tools-Benchmark/afl_outputs/recursion_afl_output/default//cov/pos-cov
    Non-zero exit status '25' for CMD: /usr/bin/lcov --no-checksum -r /tmp/tmphLP3Gb /usr/include/\*  --output-file /home/brooke/Code-Coverage-Tools-Benchmark/afl_outputs/recursion_afl_output/default//cov/lcov/trace.lcov_info_final
lcov: ERROR: 'exclude' pattern '/usr/include/*' is unused.
	(use "lcov --ignore-errors unused ..." to bypass this error)
Removed 0 files
Writing data to /home/brooke/Code-Coverage-Tools-Benchmark/afl_outputs/recursion_afl_output/default//cov/lcov/trace.lcov_info_final
Summary coverage rate:
  lines......: 6.5% (12 of 185 lines)
  functions..: 11.8% (2 of 17 functions)
  branches...: no data found
    lines......: 6.5% (12 of 185 lines)
    functions..: 11.8% (2 of 17 functions)
[+] Final lcov web report: /home/brooke/Code-Coverage-Tools-Benchmark/afl_outputs/recursion_afl_output/default//cov/web/index.html
