
*** Imported 27 new test cases from: /home/brooke/Code-Coverage-Tools-Benchmark/symcc_outputs/conditional_logic_symcc_output/afl-secondary/queue

[+] AFL test case: id:000000,time:0,execs:0,orig:testcase1 (0 / 27), cycle: 0
    Non-zero exit status '25' for CMD: /usr/bin/lcov --no-checksum -r /tmp/tmp0YZMYj /usr/include/\*  --output-file /home/brooke/Code-Coverage-Tools-Benchmark/symcc_outputs/conditional_logic_symcc_output/cov/lcov/trace.lcov_info_final
lcov: ERROR: 'exclude' pattern '/usr/include/*' is unused.
	(use "lcov --ignore-errors unused ..." to bypass this error)
Removed 0 files
Writing data to /home/brooke/Code-Coverage-Tools-Benchmark/symcc_outputs/conditional_logic_symcc_output/cov/lcov/trace.lcov_info_final
Summary coverage rate:
  lines......: 7.6% (14 of 185 lines)
  functions..: 11.8% (2 of 17 functions)
  branches...: no data found
    lines......: 7.6% (14 of 185 lines)
    functions..: 11.8% (2 of 17 functions)

    Coverage diff (init) id:000000,time:0,execs:0,orig:testcase1
diff (init) -> id:000000,time:0,execs:0,orig:testcase1
New src file: /home/brooke/Code-Coverage-Tools-Benchmark/tests/conditional_logic.c
  New 'function' coverage: calendar()
  New 'function' coverage: main()
  New 'line' coverage: 10
  New 'line' coverage: 11
  New 'line' coverage: 12
  New 'line' coverage: 36
  New 'line' coverage: 37
  New 'line' coverage: 63
  New 'line' coverage: 65
  New 'line' coverage: 72
  New 'line' coverage: 74
  New 'line' coverage: 75
  New 'line' coverage: 77
  New 'line' coverage: 78
  New 'line' coverage: 8
  New 'line' coverage: 9



++++++ BEGIN - first exec output for CMD: /home/brooke/Code-Coverage-Tools-Benchmark/afl_build/conditional_logic_afl /home/brooke/Code-Coverage-Tools-Benchmark/symcc_outputs/conditional_logic_symcc_output/afl-secondary/queue/id:000000,time:0,execs:0,orig:testcase1
    Sunday
    January
++++++ END

[+] AFL test case: id:000001,src:000000,time:1,execs:9,op:quick,pos:0,+cov (1 / 27), cycle: 0
    Non-zero exit status '25' for CMD: /usr/bin/lcov --no-checksum -r /tmp/tmp9AppmE /usr/include/\*  --output-file /home/brooke/Code-Coverage-Tools-Benchmark/symcc_outputs/conditional_logic_symcc_output/cov/lcov/trace.lcov_info_final
lcov: ERROR: 'exclude' pattern '/usr/include/*' is unused.
	(use "lcov --ignore-errors unused ..." to bypass this error)
Removed 0 files
Writing data to /home/brooke/Code-Coverage-Tools-Benchmark/symcc_outputs/conditional_logic_symcc_output/cov/lcov/trace.lcov_info_final
Summary coverage rate:
  lines......: 15.7% (29 of 185 lines)
  functions..: 11.8% (2 of 17 functions)
  branches...: no data found
    lines......: 15.7% (29 of 185 lines)
    functions..: 11.8% (2 of 17 functions)

    Coverage diff id:000000,time:0,execs:0,orig:testcase1 id:000001,src:000000,time:1,execs:9,op:quick,pos:0,+cov
diff id:000000,time:0,execs:0,orig:testcase1 -> id:000001,src:000000,time:1,execs:9,op:quick,pos:0,+cov
Src file: /home/brooke/Code-Coverage-Tools-Benchmark/tests/conditional_logic.c
  New 'line' coverage: 31
  New 'line' coverage: 32
  New 'line' coverage: 33
  New 'line' coverage: 38
  New 'line' coverage: 40
  New 'line' coverage: 42
  New 'line' coverage: 44
  New 'line' coverage: 46
  New 'line' coverage: 48
  New 'line' coverage: 50
  New 'line' coverage: 52
  New 'line' coverage: 54
  New 'line' coverage: 56
  New 'line' coverage: 58
  New 'line' coverage: 61

[+] AFL test case: id:000002,src:000000,time:4,execs:17,op:quick,pos:1,+cov (2 / 27), cycle: 0
    Non-zero exit status '25' for CMD: /usr/bin/lcov --no-checksum -r /tmp/tmpRUUkrR /usr/include/\*  --output-file /home/brooke/Code-Coverage-Tools-Benchmark/symcc_outputs/conditional_logic_symcc_output/cov/lcov/trace.lcov_info_final
lcov: ERROR: 'exclude' pattern '/usr/include/*' is unused.
	(use "lcov --ignore-errors unused ..." to bypass this error)
Removed 0 files
Writing data to /home/brooke/Code-Coverage-Tools-Benchmark/symcc_outputs/conditional_logic_symcc_output/cov/lcov/trace.lcov_info_final
Summary coverage rate:
  lines......: 15.7% (29 of 185 lines)
  functions..: 11.8% (2 of 17 functions)
  branches...: no data found
    lines......: 15.7% (29 of 185 lines)
    functions..: 11.8% (2 of 17 functions)
[+] AFL test case: id:000003,src:000000,time:6,execs:25,op:quick,pos:2,+cov (3 / 27), cycle: 0
    Non-zero exit status '25' for CMD: /usr/bin/lcov --no-checksum -r /tmp/tmp8TGUly /usr/include/\*  --output-file /home/brooke/Code-Coverage-Tools-Benchmark/symcc_outputs/conditional_logic_symcc_output/cov/lcov/trace.lcov_info_final
lcov: ERROR: 'exclude' pattern '/usr/include/*' is unused.
	(use "lcov --ignore-errors unused ..." to bypass this error)
Removed 0 files
Writing data to /home/brooke/Code-Coverage-Tools-Benchmark/symcc_outputs/conditional_logic_symcc_output/cov/lcov/trace.lcov_info_final
Summary coverage rate:
  lines......: 16.2% (30 of 185 lines)
  functions..: 11.8% (2 of 17 functions)
  branches...: no data found
    lines......: 16.2% (30 of 185 lines)
    functions..: 11.8% (2 of 17 functions)

    Coverage diff id:000002,src:000000,time:4,execs:17,op:quick,pos:1,+cov id:000003,src:000000,time:6,execs:25,op:quick,pos:2,+cov
diff id:000002,src:000000,time:4,execs:17,op:quick,pos:1,+cov -> id:000003,src:000000,time:6,execs:25,op:quick,pos:2,+cov
Src file: /home/brooke/Code-Coverage-Tools-Benchmark/tests/conditional_logic.c
  New 'line' coverage: 49

[+] AFL test case: id:000004,src:000000,time:11,execs:38,op:flip1,pos:0,+cov (4 / 27), cycle: 0
    Non-zero exit status '25' for CMD: /usr/bin/lcov --no-checksum -r /tmp/tmpQ8QtOe /usr/include/\*  --output-file /home/brooke/Code-Coverage-Tools-Benchmark/symcc_outputs/conditional_logic_symcc_output/cov/lcov/trace.lcov_info_final
lcov: ERROR: 'exclude' pattern '/usr/include/*' is unused.
	(use "lcov --ignore-errors unused ..." to bypass this error)
Removed 0 files
Writing data to /home/brooke/Code-Coverage-Tools-Benchmark/symcc_outputs/conditional_logic_symcc_output/cov/lcov/trace.lcov_info_final
Summary coverage rate:
  lines......: 16.2% (30 of 185 lines)
  functions..: 11.8% (2 of 17 functions)
  branches...: no data found
    lines......: 16.2% (30 of 185 lines)
    functions..: 11.8% (2 of 17 functions)
[+] AFL test case: id:000005,src:000000,time:14,execs:46,op:flip1,pos:0,+cov (5 / 27), cycle: 0
    Non-zero exit status '25' for CMD: /usr/bin/lcov --no-checksum -r /tmp/tmpb2p9yC /usr/include/\*  --output-file /home/brooke/Code-Coverage-Tools-Benchmark/symcc_outputs/conditional_logic_symcc_output/cov/lcov/trace.lcov_info_final
lcov: ERROR: 'exclude' pattern '/usr/include/*' is unused.
	(use "lcov --ignore-errors unused ..." to bypass this error)
Removed 0 files
Writing data to /home/brooke/Code-Coverage-Tools-Benchmark/symcc_outputs/conditional_logic_symcc_output/cov/lcov/trace.lcov_info_final
Summary coverage rate:
  lines......: 17.8% (33 of 185 lines)
  functions..: 11.8% (2 of 17 functions)
  branches...: no data found
    lines......: 17.8% (33 of 185 lines)
    functions..: 11.8% (2 of 17 functions)

    Coverage diff id:000004,src:000000,time:11,execs:38,op:flip1,pos:0,+cov id:000005,src:000000,time:14,execs:46,op:flip1,pos:0,+cov
diff id:000004,src:000000,time:11,execs:38,op:flip1,pos:0,+cov -> id:000005,src:000000,time:14,execs:46,op:flip1,pos:0,+cov
Src file: /home/brooke/Code-Coverage-Tools-Benchmark/tests/conditional_logic.c
  New 'line' coverage: 22
  New 'line' coverage: 23
  New 'line' coverage: 24

[+] AFL test case: id:000006,src:000000,time:18,execs:54,op:flip1,pos:0,+cov (6 / 27), cycle: 0
    Non-zero exit status '25' for CMD: /usr/bin/lcov --no-checksum -r /tmp/tmpFI8lsc /usr/include/\*  --output-file /home/brooke/Code-Coverage-Tools-Benchmark/symcc_outputs/conditional_logic_symcc_output/cov/lcov/trace.lcov_info_final
lcov: ERROR: 'exclude' pattern '/usr/include/*' is unused.
	(use "lcov --ignore-errors unused ..." to bypass this error)
Removed 0 files
Writing data to /home/brooke/Code-Coverage-Tools-Benchmark/symcc_outputs/conditional_logic_symcc_output/cov/lcov/trace.lcov_info_final
Summary coverage rate:
  lines......: 19.5% (36 of 185 lines)
  functions..: 11.8% (2 of 17 functions)
  branches...: no data found
    lines......: 19.5% (36 of 185 lines)
    functions..: 11.8% (2 of 17 functions)

    Coverage diff id:000005,src:000000,time:14,execs:46,op:flip1,pos:0,+cov id:000006,src:000000,time:18,execs:54,op:flip1,pos:0,+cov
diff id:000005,src:000000,time:14,execs:46,op:flip1,pos:0,+cov -> id:000006,src:000000,time:18,execs:54,op:flip1,pos:0,+cov
Src file: /home/brooke/Code-Coverage-Tools-Benchmark/tests/conditional_logic.c
  New 'line' coverage: 16
  New 'line' coverage: 17
  New 'line' coverage: 18

[+] AFL test case: id:000007,src:000000,time:27,execs:75,op:flip1,pos:2,+cov (7 / 27), cycle: 0
    Non-zero exit status '25' for CMD: /usr/bin/lcov --no-checksum -r /tmp/tmp_4Cgdk /usr/include/\*  --output-file /home/brooke/Code-Coverage-Tools-Benchmark/symcc_outputs/conditional_logic_symcc_output/cov/lcov/trace.lcov_info_final
lcov: ERROR: 'exclude' pattern '/usr/include/*' is unused.
	(use "lcov --ignore-errors unused ..." to bypass this error)
Removed 0 files
Writing data to /home/brooke/Code-Coverage-Tools-Benchmark/symcc_outputs/conditional_logic_symcc_output/cov/lcov/trace.lcov_info_final
Summary coverage rate:
  lines......: 20.0% (37 of 185 lines)
  functions..: 11.8% (2 of 17 functions)
  branches...: no data found
    lines......: 20.0% (37 of 185 lines)
    functions..: 11.8% (2 of 17 functions)

    Coverage diff id:000006,src:000000,time:18,execs:54,op:flip1,pos:0,+cov id:000007,src:000000,time:27,execs:75,op:flip1,pos:2,+cov
diff id:000006,src:000000,time:18,execs:54,op:flip1,pos:0,+cov -> id:000007,src:000000,time:27,execs:75,op:flip1,pos:2,+cov
Src file: /home/brooke/Code-Coverage-Tools-Benchmark/tests/conditional_logic.c
  New 'line' coverage: 53

[+] AFL test case: id:000008,src:000000,time:30,execs:83,op:flip1,pos:2,+cov (8 / 27), cycle: 0
    Non-zero exit status '25' for CMD: /usr/bin/lcov --no-checksum -r /tmp/tmpUY_ry4 /usr/include/\*  --output-file /home/brooke/Code-Coverage-Tools-Benchmark/symcc_outputs/conditional_logic_symcc_output/cov/lcov/trace.lcov_info_final
lcov: ERROR: 'exclude' pattern '/usr/include/*' is unused.
	(use "lcov --ignore-errors unused ..." to bypass this error)
Removed 0 files
Writing data to /home/brooke/Code-Coverage-Tools-Benchmark/symcc_outputs/conditional_logic_symcc_output/cov/lcov/trace.lcov_info_final
Summary coverage rate:
  lines......: 20.5% (38 of 185 lines)
  functions..: 11.8% (2 of 17 functions)
  branches...: no data found
    lines......: 20.5% (38 of 185 lines)
    functions..: 11.8% (2 of 17 functions)

    Coverage diff id:000007,src:000000,time:27,execs:75,op:flip1,pos:2,+cov id:000008,src:000000,time:30,execs:83,op:flip1,pos:2,+cov
diff id:000007,src:000000,time:27,execs:75,op:flip1,pos:2,+cov -> id:000008,src:000000,time:30,execs:83,op:flip1,pos:2,+cov
Src file: /home/brooke/Code-Coverage-Tools-Benchmark/tests/conditional_logic.c
  New 'line' coverage: 45

[+] AFL test case: id:000009,src:000000,time:33,execs:91,op:flip1,pos:2,+cov (9 / 27), cycle: 0
    Non-zero exit status '25' for CMD: /usr/bin/lcov --no-checksum -r /tmp/tmpRhHctB /usr/include/\*  --output-file /home/brooke/Code-Coverage-Tools-Benchmark/symcc_outputs/conditional_logic_symcc_output/cov/lcov/trace.lcov_info_final
lcov: ERROR: 'exclude' pattern '/usr/include/*' is unused.
	(use "lcov --ignore-errors unused ..." to bypass this error)
Removed 0 files
Writing data to /home/brooke/Code-Coverage-Tools-Benchmark/symcc_outputs/conditional_logic_symcc_output/cov/lcov/trace.lcov_info_final
Summary coverage rate:
  lines......: 21.1% (39 of 185 lines)
  functions..: 11.8% (2 of 17 functions)
  branches...: no data found
    lines......: 21.1% (39 of 185 lines)
    functions..: 11.8% (2 of 17 functions)

    Coverage diff id:000008,src:000000,time:30,execs:83,op:flip1,pos:2,+cov id:000009,src:000000,time:33,execs:91,op:flip1,pos:2,+cov
diff id:000008,src:000000,time:30,execs:83,op:flip1,pos:2,+cov -> id:000009,src:000000,time:33,execs:91,op:flip1,pos:2,+cov
Src file: /home/brooke/Code-Coverage-Tools-Benchmark/tests/conditional_logic.c
  New 'line' coverage: 41

[+] AFL test case: id:000010,src:000000,time:38,execs:105,op:flip2,pos:0,+cov (10 / 27), cycle: 0
    Non-zero exit status '25' for CMD: /usr/bin/lcov --no-checksum -r /tmp/tmpaJwTuW /usr/include/\*  --output-file /home/brooke/Code-Coverage-Tools-Benchmark/symcc_outputs/conditional_logic_symcc_output/cov/lcov/trace.lcov_info_final
lcov: ERROR: 'exclude' pattern '/usr/include/*' is unused.
	(use "lcov --ignore-errors unused ..." to bypass this error)
Removed 0 files
Writing data to /home/brooke/Code-Coverage-Tools-Benchmark/symcc_outputs/conditional_logic_symcc_output/cov/lcov/trace.lcov_info_final
Summary coverage rate:
  lines......: 22.7% (42 of 185 lines)
  functions..: 11.8% (2 of 17 functions)
  branches...: no data found
    lines......: 22.7% (42 of 185 lines)
    functions..: 11.8% (2 of 17 functions)

    Coverage diff id:000009,src:000000,time:33,execs:91,op:flip1,pos:2,+cov id:000010,src:000000,time:38,execs:105,op:flip2,pos:0,+cov
diff id:000009,src:000000,time:33,execs:91,op:flip1,pos:2,+cov -> id:000010,src:000000,time:38,execs:105,op:flip2,pos:0,+cov
Src file: /home/brooke/Code-Coverage-Tools-Benchmark/tests/conditional_logic.c
  New 'line' coverage: 28
  New 'line' coverage: 29
  New 'line' coverage: 30

[+] AFL test case: id:000011,src:000000,time:41,execs:113,op:flip2,pos:0,+cov (11 / 27), cycle: 0
    Non-zero exit status '25' for CMD: /usr/bin/lcov --no-checksum -r /tmp/tmpykSHMK /usr/include/\*  --output-file /home/brooke/Code-Coverage-Tools-Benchmark/symcc_outputs/conditional_logic_symcc_output/cov/lcov/trace.lcov_info_final
lcov: ERROR: 'exclude' pattern '/usr/include/*' is unused.
	(use "lcov --ignore-errors unused ..." to bypass this error)
Removed 0 files
Writing data to /home/brooke/Code-Coverage-Tools-Benchmark/symcc_outputs/conditional_logic_symcc_output/cov/lcov/trace.lcov_info_final
Summary coverage rate:
  lines......: 24.3% (45 of 185 lines)
  functions..: 11.8% (2 of 17 functions)
  branches...: no data found
    lines......: 24.3% (45 of 185 lines)
    functions..: 11.8% (2 of 17 functions)

    Coverage diff id:000010,src:000000,time:38,execs:105,op:flip2,pos:0,+cov id:000011,src:000000,time:41,execs:113,op:flip2,pos:0,+cov
diff id:000010,src:000000,time:38,execs:105,op:flip2,pos:0,+cov -> id:000011,src:000000,time:41,execs:113,op:flip2,pos:0,+cov
Src file: /home/brooke/Code-Coverage-Tools-Benchmark/tests/conditional_logic.c
  New 'line' coverage: 13
  New 'line' coverage: 14
  New 'line' coverage: 15

[+] AFL test case: id:000012,src:000000,time:58,execs:136,op:flip2,pos:2,+cov (12 / 27), cycle: 0
    Non-zero exit status '25' for CMD: /usr/bin/lcov --no-checksum -r /tmp/tmpLCmrMI /usr/include/\*  --output-file /home/brooke/Code-Coverage-Tools-Benchmark/symcc_outputs/conditional_logic_symcc_output/cov/lcov/trace.lcov_info_final
lcov: ERROR: 'exclude' pattern '/usr/include/*' is unused.
	(use "lcov --ignore-errors unused ..." to bypass this error)
Removed 0 files
Writing data to /home/brooke/Code-Coverage-Tools-Benchmark/symcc_outputs/conditional_logic_symcc_output/cov/lcov/trace.lcov_info_final
Summary coverage rate:
  lines......: 24.9% (46 of 185 lines)
  functions..: 11.8% (2 of 17 functions)
  branches...: no data found
    lines......: 24.9% (46 of 185 lines)
    functions..: 11.8% (2 of 17 functions)

    Coverage diff id:000011,src:000000,time:41,execs:113,op:flip2,pos:0,+cov id:000012,src:000000,time:58,execs:136,op:flip2,pos:2,+cov
diff id:000011,src:000000,time:41,execs:113,op:flip2,pos:0,+cov -> id:000012,src:000000,time:58,execs:136,op:flip2,pos:2,+cov
Src file: /home/brooke/Code-Coverage-Tools-Benchmark/tests/conditional_logic.c
  New 'line' coverage: 39

[+] AFL test case: id:000013,src:000000,time:67,execs:149,op:flip4,pos:0,+cov (13 / 27), cycle: 0
    Non-zero exit status '25' for CMD: /usr/bin/lcov --no-checksum -r /tmp/tmpJCNw3p /usr/include/\*  --output-file /home/brooke/Code-Coverage-Tools-Benchmark/symcc_outputs/conditional_logic_symcc_output/cov/lcov/trace.lcov_info_final
lcov: ERROR: 'exclude' pattern '/usr/include/*' is unused.
	(use "lcov --ignore-errors unused ..." to bypass this error)
Removed 0 files
Writing data to /home/brooke/Code-Coverage-Tools-Benchmark/symcc_outputs/conditional_logic_symcc_output/cov/lcov/trace.lcov_info_final
Summary coverage rate:
  lines......: 26.5% (49 of 185 lines)
  functions..: 11.8% (2 of 17 functions)
  branches...: no data found
    lines......: 26.5% (49 of 185 lines)
    functions..: 11.8% (2 of 17 functions)

    Coverage diff id:000012,src:000000,time:58,execs:136,op:flip2,pos:2,+cov id:000013,src:000000,time:67,execs:149,op:flip4,pos:0,+cov
diff id:000012,src:000000,time:58,execs:136,op:flip2,pos:2,+cov -> id:000013,src:000000,time:67,execs:149,op:flip4,pos:0,+cov
Src file: /home/brooke/Code-Coverage-Tools-Benchmark/tests/conditional_logic.c
  New 'line' coverage: 25
  New 'line' coverage: 26
  New 'line' coverage: 27

[+] AFL test case: id:000014,src:000000,time:71,execs:157,op:flip4,pos:0,+cov (14 / 27), cycle: 0
    Non-zero exit status '25' for CMD: /usr/bin/lcov --no-checksum -r /tmp/tmpa1AxIr /usr/include/\*  --output-file /home/brooke/Code-Coverage-Tools-Benchmark/symcc_outputs/conditional_logic_symcc_output/cov/lcov/trace.lcov_info_final
lcov: ERROR: 'exclude' pattern '/usr/include/*' is unused.
	(use "lcov --ignore-errors unused ..." to bypass this error)
Removed 0 files
Writing data to /home/brooke/Code-Coverage-Tools-Benchmark/symcc_outputs/conditional_logic_symcc_output/cov/lcov/trace.lcov_info_final
Summary coverage rate:
  lines......: 26.5% (49 of 185 lines)
  functions..: 11.8% (2 of 17 functions)
  branches...: no data found
    lines......: 26.5% (49 of 185 lines)
    functions..: 11.8% (2 of 17 functions)
[+] AFL test case: id:000015,src:000000,time:80,execs:184,op:arith8,pos:0,val:+3,+cov (15 / 27), cycle: 0
    Non-zero exit status '25' for CMD: /usr/bin/lcov --no-checksum -r /tmp/tmpAExcUY /usr/include/\*  --output-file /home/brooke/Code-Coverage-Tools-Benchmark/symcc_outputs/conditional_logic_symcc_output/cov/lcov/trace.lcov_info_final
lcov: ERROR: 'exclude' pattern '/usr/include/*' is unused.
	(use "lcov --ignore-errors unused ..." to bypass this error)
Removed 0 files
Writing data to /home/brooke/Code-Coverage-Tools-Benchmark/symcc_outputs/conditional_logic_symcc_output/cov/lcov/trace.lcov_info_final
Summary coverage rate:
  lines......: 28.1% (52 of 185 lines)
  functions..: 11.8% (2 of 17 functions)
  branches...: no data found
    lines......: 28.1% (52 of 185 lines)
    functions..: 11.8% (2 of 17 functions)

    Coverage diff id:000014,src:000000,time:71,execs:157,op:flip4,pos:0,+cov id:000015,src:000000,time:80,execs:184,op:arith8,pos:0,val:+3,+cov
diff id:000014,src:000000,time:71,execs:157,op:flip4,pos:0,+cov -> id:000015,src:000000,time:80,execs:184,op:arith8,pos:0,val:+3,+cov
Src file: /home/brooke/Code-Coverage-Tools-Benchmark/tests/conditional_logic.c
  New 'line' coverage: 19
  New 'line' coverage: 20
  New 'line' coverage: 21

[+] AFL test case: id:000016,src:000000,time:83,execs:194,op:arith8,pos:0,val:+5,+cov (16 / 27), cycle: 0
    Non-zero exit status '25' for CMD: /usr/bin/lcov --no-checksum -r /tmp/tmpSDNusj /usr/include/\*  --output-file /home/brooke/Code-Coverage-Tools-Benchmark/symcc_outputs/conditional_logic_symcc_output/cov/lcov/trace.lcov_info_final
lcov: ERROR: 'exclude' pattern '/usr/include/*' is unused.
	(use "lcov --ignore-errors unused ..." to bypass this error)
Removed 0 files
Writing data to /home/brooke/Code-Coverage-Tools-Benchmark/symcc_outputs/conditional_logic_symcc_output/cov/lcov/trace.lcov_info_final
Summary coverage rate:
  lines......: 28.1% (52 of 185 lines)
  functions..: 11.8% (2 of 17 functions)
  branches...: no data found
    lines......: 28.1% (52 of 185 lines)
    functions..: 11.8% (2 of 17 functions)
[+] AFL test case: id:000017,src:000000,time:118,execs:309,op:arith8,pos:2,val:+3,+cov (17 / 27), cycle: 0
    Non-zero exit status '25' for CMD: /usr/bin/lcov --no-checksum -r /tmp/tmpbr5xua /usr/include/\*  --output-file /home/brooke/Code-Coverage-Tools-Benchmark/symcc_outputs/conditional_logic_symcc_output/cov/lcov/trace.lcov_info_final
lcov: ERROR: 'exclude' pattern '/usr/include/*' is unused.
	(use "lcov --ignore-errors unused ..." to bypass this error)
Removed 0 files
Writing data to /home/brooke/Code-Coverage-Tools-Benchmark/symcc_outputs/conditional_logic_symcc_output/cov/lcov/trace.lcov_info_final
Summary coverage rate:
  lines......: 28.6% (53 of 185 lines)
  functions..: 11.8% (2 of 17 functions)
  branches...: no data found
    lines......: 28.6% (53 of 185 lines)
    functions..: 11.8% (2 of 17 functions)

    Coverage diff id:000016,src:000000,time:83,execs:194,op:arith8,pos:0,val:+5,+cov id:000017,src:000000,time:118,execs:309,op:arith8,pos:2,val:+3,+cov
diff id:000016,src:000000,time:83,execs:194,op:arith8,pos:0,val:+5,+cov -> id:000017,src:000000,time:118,execs:309,op:arith8,pos:2,val:+3,+cov
Src file: /home/brooke/Code-Coverage-Tools-Benchmark/tests/conditional_logic.c
  New 'line' coverage: 43

[+] AFL test case: id:000018,src:000000,time:122,execs:319,op:arith8,pos:2,val:+5,+cov (18 / 27), cycle: 0
    Non-zero exit status '25' for CMD: /usr/bin/lcov --no-checksum -r /tmp/tmpGQc9Ih /usr/include/\*  --output-file /home/brooke/Code-Coverage-Tools-Benchmark/symcc_outputs/conditional_logic_symcc_output/cov/lcov/trace.lcov_info_final
lcov: ERROR: 'exclude' pattern '/usr/include/*' is unused.
	(use "lcov --ignore-errors unused ..." to bypass this error)
Removed 0 files
Writing data to /home/brooke/Code-Coverage-Tools-Benchmark/symcc_outputs/conditional_logic_symcc_output/cov/lcov/trace.lcov_info_final
Summary coverage rate:
  lines......: 29.2% (54 of 185 lines)
  functions..: 11.8% (2 of 17 functions)
  branches...: no data found
    lines......: 29.2% (54 of 185 lines)
    functions..: 11.8% (2 of 17 functions)

    Coverage diff id:000017,src:000000,time:118,execs:309,op:arith8,pos:2,val:+3,+cov id:000018,src:000000,time:122,execs:319,op:arith8,pos:2,val:+5,+cov
diff id:000017,src:000000,time:118,execs:309,op:arith8,pos:2,val:+3,+cov -> id:000018,src:000000,time:122,execs:319,op:arith8,pos:2,val:+5,+cov
Src file: /home/brooke/Code-Coverage-Tools-Benchmark/tests/conditional_logic.c
  New 'line' coverage: 47

[+] AFL test case: id:000019,src:000000,time:125,execs:329,op:arith8,pos:2,val:+7,+cov (19 / 27), cycle: 0
    Non-zero exit status '25' for CMD: /usr/bin/lcov --no-checksum -r /tmp/tmpvFmL8y /usr/include/\*  --output-file /home/brooke/Code-Coverage-Tools-Benchmark/symcc_outputs/conditional_logic_symcc_output/cov/lcov/trace.lcov_info_final
lcov: ERROR: 'exclude' pattern '/usr/include/*' is unused.
	(use "lcov --ignore-errors unused ..." to bypass this error)
Removed 0 files
Writing data to /home/brooke/Code-Coverage-Tools-Benchmark/symcc_outputs/conditional_logic_symcc_output/cov/lcov/trace.lcov_info_final
Summary coverage rate:
  lines......: 29.7% (55 of 185 lines)
  functions..: 11.8% (2 of 17 functions)
  branches...: no data found
    lines......: 29.7% (55 of 185 lines)
    functions..: 11.8% (2 of 17 functions)

    Coverage diff id:000018,src:000000,time:122,execs:319,op:arith8,pos:2,val:+5,+cov id:000019,src:000000,time:125,execs:329,op:arith8,pos:2,val:+7,+cov
diff id:000018,src:000000,time:122,execs:319,op:arith8,pos:2,val:+5,+cov -> id:000019,src:000000,time:125,execs:329,op:arith8,pos:2,val:+7,+cov
Src file: /home/brooke/Code-Coverage-Tools-Benchmark/tests/conditional_logic.c
  New 'line' coverage: 51

[+] AFL test case: id:000020,src:000000,time:186,execs:534,op:havoc,rep:4,+cov (20 / 27), cycle: 0
    Non-zero exit status '25' for CMD: /usr/bin/lcov --no-checksum -r /tmp/tmpv9Ih5p /usr/include/\*  --output-file /home/brooke/Code-Coverage-Tools-Benchmark/symcc_outputs/conditional_logic_symcc_output/cov/lcov/trace.lcov_info_final
lcov: ERROR: 'exclude' pattern '/usr/include/*' is unused.
	(use "lcov --ignore-errors unused ..." to bypass this error)
Removed 0 files
Writing data to /home/brooke/Code-Coverage-Tools-Benchmark/symcc_outputs/conditional_logic_symcc_output/cov/lcov/trace.lcov_info_final
Summary coverage rate:
  lines......: 29.7% (55 of 185 lines)
  functions..: 11.8% (2 of 17 functions)
  branches...: no data found
    lines......: 29.7% (55 of 185 lines)
    functions..: 11.8% (2 of 17 functions)
[+] AFL test case: id:000021,src:000000,time:192,execs:552,op:havoc,rep:7,+cov (21 / 27), cycle: 0
    Non-zero exit status '25' for CMD: /usr/bin/lcov --no-checksum -r /tmp/tmprd2L0H /usr/include/\*  --output-file /home/brooke/Code-Coverage-Tools-Benchmark/symcc_outputs/conditional_logic_symcc_output/cov/lcov/trace.lcov_info_final
lcov: ERROR: 'exclude' pattern '/usr/include/*' is unused.
	(use "lcov --ignore-errors unused ..." to bypass this error)
Removed 0 files
Writing data to /home/brooke/Code-Coverage-Tools-Benchmark/symcc_outputs/conditional_logic_symcc_output/cov/lcov/trace.lcov_info_final
Summary coverage rate:
  lines......: 29.7% (55 of 185 lines)
  functions..: 11.8% (2 of 17 functions)
  branches...: no data found
    lines......: 29.7% (55 of 185 lines)
    functions..: 11.8% (2 of 17 functions)
[+] AFL test case: id:000022,src:000000,time:240,execs:705,op:havoc,rep:3,+cov (22 / 27), cycle: 0
    Non-zero exit status '25' for CMD: /usr/bin/lcov --no-checksum -r /tmp/tmpX1vA8G /usr/include/\*  --output-file /home/brooke/Code-Coverage-Tools-Benchmark/symcc_outputs/conditional_logic_symcc_output/cov/lcov/trace.lcov_info_final
lcov: ERROR: 'exclude' pattern '/usr/include/*' is unused.
	(use "lcov --ignore-errors unused ..." to bypass this error)
Removed 0 files
Writing data to /home/brooke/Code-Coverage-Tools-Benchmark/symcc_outputs/conditional_logic_symcc_output/cov/lcov/trace.lcov_info_final
Summary coverage rate:
  lines......: 30.3% (56 of 185 lines)
  functions..: 11.8% (2 of 17 functions)
  branches...: no data found
    lines......: 30.3% (56 of 185 lines)
    functions..: 11.8% (2 of 17 functions)

    Coverage diff id:000021,src:000000,time:192,execs:552,op:havoc,rep:7,+cov id:000022,src:000000,time:240,execs:705,op:havoc,rep:3,+cov
diff id:000021,src:000000,time:192,execs:552,op:havoc,rep:7,+cov -> id:000022,src:000000,time:240,execs:705,op:havoc,rep:3,+cov
Src file: /home/brooke/Code-Coverage-Tools-Benchmark/tests/conditional_logic.c
  New 'line' coverage: 57

[+] AFL test case: id:000023,src:000000,time:281,execs:838,op:havoc,rep:4,+cov (23 / 27), cycle: 0
    Non-zero exit status '25' for CMD: /usr/bin/lcov --no-checksum -r /tmp/tmpKjHla_ /usr/include/\*  --output-file /home/brooke/Code-Coverage-Tools-Benchmark/symcc_outputs/conditional_logic_symcc_output/cov/lcov/trace.lcov_info_final
lcov: ERROR: 'exclude' pattern '/usr/include/*' is unused.
	(use "lcov --ignore-errors unused ..." to bypass this error)
Removed 0 files
Writing data to /home/brooke/Code-Coverage-Tools-Benchmark/symcc_outputs/conditional_logic_symcc_output/cov/lcov/trace.lcov_info_final
Summary coverage rate:
  lines......: 30.3% (56 of 185 lines)
  functions..: 11.8% (2 of 17 functions)
  branches...: no data found
    lines......: 30.3% (56 of 185 lines)
    functions..: 11.8% (2 of 17 functions)
[+] AFL test case: id:000024,src:000000,time:519,execs:1600,op:havoc,rep:5,+cov (24 / 27), cycle: 0
    Non-zero exit status '25' for CMD: /usr/bin/lcov --no-checksum -r /tmp/tmpVZUEzl /usr/include/\*  --output-file /home/brooke/Code-Coverage-Tools-Benchmark/symcc_outputs/conditional_logic_symcc_output/cov/lcov/trace.lcov_info_final
lcov: ERROR: 'exclude' pattern '/usr/include/*' is unused.
	(use "lcov --ignore-errors unused ..." to bypass this error)
Removed 0 files
Writing data to /home/brooke/Code-Coverage-Tools-Benchmark/symcc_outputs/conditional_logic_symcc_output/cov/lcov/trace.lcov_info_final
Summary coverage rate:
  lines......: 30.3% (56 of 185 lines)
  functions..: 11.8% (2 of 17 functions)
  branches...: no data found
    lines......: 30.3% (56 of 185 lines)
    functions..: 11.8% (2 of 17 functions)
[+] AFL test case: id:000025,src:000000,time:1065,execs:3399,op:havoc,rep:7,+cov (25 / 27), cycle: 0
    Non-zero exit status '25' for CMD: /usr/bin/lcov --no-checksum -r /tmp/tmpmyooob /usr/include/\*  --output-file /home/brooke/Code-Coverage-Tools-Benchmark/symcc_outputs/conditional_logic_symcc_output/cov/lcov/trace.lcov_info_final
lcov: ERROR: 'exclude' pattern '/usr/include/*' is unused.
	(use "lcov --ignore-errors unused ..." to bypass this error)
Removed 0 files
Writing data to /home/brooke/Code-Coverage-Tools-Benchmark/symcc_outputs/conditional_logic_symcc_output/cov/lcov/trace.lcov_info_final
Summary coverage rate:
  lines......: 30.8% (57 of 185 lines)
  functions..: 11.8% (2 of 17 functions)
  branches...: no data found
    lines......: 30.8% (57 of 185 lines)
    functions..: 11.8% (2 of 17 functions)

    Coverage diff id:000024,src:000000,time:519,execs:1600,op:havoc,rep:5,+cov id:000025,src:000000,time:1065,execs:3399,op:havoc,rep:7,+cov
diff id:000024,src:000000,time:519,execs:1600,op:havoc,rep:5,+cov -> id:000025,src:000000,time:1065,execs:3399,op:havoc,rep:7,+cov
Src file: /home/brooke/Code-Coverage-Tools-Benchmark/tests/conditional_logic.c
  New 'line' coverage: 55

[+] AFL test case: id:000026,src:000000,time:2524,execs:8336,op:havoc,rep:3,+cov (26 / 27), cycle: 0
    Non-zero exit status '25' for CMD: /usr/bin/lcov --no-checksum -r /tmp/tmpO9T7_p /usr/include/\*  --output-file /home/brooke/Code-Coverage-Tools-Benchmark/symcc_outputs/conditional_logic_symcc_output/cov/lcov/trace.lcov_info_final
lcov: ERROR: 'exclude' pattern '/usr/include/*' is unused.
	(use "lcov --ignore-errors unused ..." to bypass this error)
Removed 0 files
Writing data to /home/brooke/Code-Coverage-Tools-Benchmark/symcc_outputs/conditional_logic_symcc_output/cov/lcov/trace.lcov_info_final
Summary coverage rate:
  lines......: 31.4% (58 of 185 lines)
  functions..: 11.8% (2 of 17 functions)
  branches...: no data found
    lines......: 31.4% (58 of 185 lines)
    functions..: 11.8% (2 of 17 functions)

    Coverage diff id:000025,src:000000,time:1065,execs:3399,op:havoc,rep:7,+cov id:000026,src:000000,time:2524,execs:8336,op:havoc,rep:3,+cov
diff id:000025,src:000000,time:1065,execs:3399,op:havoc,rep:7,+cov -> id:000026,src:000000,time:2524,execs:8336,op:havoc,rep:3,+cov
Src file: /home/brooke/Code-Coverage-Tools-Benchmark/tests/conditional_logic.c
  New 'line' coverage: 59


*** Imported 27 new test cases from: /home/brooke/Code-Coverage-Tools-Benchmark/symcc_outputs/conditional_logic_symcc_output/afl-master/queue

[+] AFL test case: id:000000,time:0,execs:0,orig:testcase1 (0 / 54), cycle: 0
    Non-zero exit status '25' for CMD: /usr/bin/lcov --no-checksum -r /tmp/tmpQJ6gRQ /usr/include/\*  --output-file /home/brooke/Code-Coverage-Tools-Benchmark/symcc_outputs/conditional_logic_symcc_output/cov/lcov/trace.lcov_info_final
lcov: ERROR: 'exclude' pattern '/usr/include/*' is unused.
	(use "lcov --ignore-errors unused ..." to bypass this error)
Removed 0 files
Writing data to /home/brooke/Code-Coverage-Tools-Benchmark/symcc_outputs/conditional_logic_symcc_output/cov/lcov/trace.lcov_info_final
Summary coverage rate:
  lines......: 31.4% (58 of 185 lines)
  functions..: 11.8% (2 of 17 functions)
  branches...: no data found
    lines......: 31.4% (58 of 185 lines)
    functions..: 11.8% (2 of 17 functions)
[+] AFL test case: id:000001,src:000000,time:5,execs:9,op:quick,pos:0,+cov (1 / 54), cycle: 0
    Non-zero exit status '25' for CMD: /usr/bin/lcov --no-checksum -r /tmp/tmpvA5QSK /usr/include/\*  --output-file /home/brooke/Code-Coverage-Tools-Benchmark/symcc_outputs/conditional_logic_symcc_output/cov/lcov/trace.lcov_info_final
lcov: ERROR: 'exclude' pattern '/usr/include/*' is unused.
	(use "lcov --ignore-errors unused ..." to bypass this error)
Removed 0 files
Writing data to /home/brooke/Code-Coverage-Tools-Benchmark/symcc_outputs/conditional_logic_symcc_output/cov/lcov/trace.lcov_info_final
Summary coverage rate:
  lines......: 31.4% (58 of 185 lines)
  functions..: 11.8% (2 of 17 functions)
  branches...: no data found
    lines......: 31.4% (58 of 185 lines)
    functions..: 11.8% (2 of 17 functions)
[+] AFL test case: id:000002,src:000000,time:17,execs:17,op:quick,pos:1,+cov (2 / 54), cycle: 0
    Non-zero exit status '25' for CMD: /usr/bin/lcov --no-checksum -r /tmp/tmpq5h2OK /usr/include/\*  --output-file /home/brooke/Code-Coverage-Tools-Benchmark/symcc_outputs/conditional_logic_symcc_output/cov/lcov/trace.lcov_info_final
lcov: ERROR: 'exclude' pattern '/usr/include/*' is unused.
	(use "lcov --ignore-errors unused ..." to bypass this error)
Removed 0 files
Writing data to /home/brooke/Code-Coverage-Tools-Benchmark/symcc_outputs/conditional_logic_symcc_output/cov/lcov/trace.lcov_info_final
Summary coverage rate:
  lines......: 31.4% (58 of 185 lines)
  functions..: 11.8% (2 of 17 functions)
  branches...: no data found
    lines......: 31.4% (58 of 185 lines)
    functions..: 11.8% (2 of 17 functions)
[+] AFL test case: id:000003,src:000000,time:27,execs:31,op:flip1,pos:0,+cov (3 / 54), cycle: 0
    Non-zero exit status '25' for CMD: /usr/bin/lcov --no-checksum -r /tmp/tmpQZC5vU /usr/include/\*  --output-file /home/brooke/Code-Coverage-Tools-Benchmark/symcc_outputs/conditional_logic_symcc_output/cov/lcov/trace.lcov_info_final
lcov: ERROR: 'exclude' pattern '/usr/include/*' is unused.
	(use "lcov --ignore-errors unused ..." to bypass this error)
Removed 0 files
Writing data to /home/brooke/Code-Coverage-Tools-Benchmark/symcc_outputs/conditional_logic_symcc_output/cov/lcov/trace.lcov_info_final
Summary coverage rate:
  lines......: 31.4% (58 of 185 lines)
  functions..: 11.8% (2 of 17 functions)
  branches...: no data found
    lines......: 31.4% (58 of 185 lines)
    functions..: 11.8% (2 of 17 functions)
[+] AFL test case: id:000004,src:000000,time:29,execs:39,op:flip1,pos:0,+cov (4 / 54), cycle: 0
    Non-zero exit status '25' for CMD: /usr/bin/lcov --no-checksum -r /tmp/tmphuTbIT /usr/include/\*  --output-file /home/brooke/Code-Coverage-Tools-Benchmark/symcc_outputs/conditional_logic_symcc_output/cov/lcov/trace.lcov_info_final
lcov: ERROR: 'exclude' pattern '/usr/include/*' is unused.
	(use "lcov --ignore-errors unused ..." to bypass this error)
Removed 0 files
Writing data to /home/brooke/Code-Coverage-Tools-Benchmark/symcc_outputs/conditional_logic_symcc_output/cov/lcov/trace.lcov_info_final
Summary coverage rate:
  lines......: 31.4% (58 of 185 lines)
  functions..: 11.8% (2 of 17 functions)
  branches...: no data found
    lines......: 31.4% (58 of 185 lines)
    functions..: 11.8% (2 of 17 functions)
[+] AFL test case: id:000005,src:000000,time:32,execs:47,op:flip1,pos:0,+cov (5 / 54), cycle: 0
    Non-zero exit status '25' for CMD: /usr/bin/lcov --no-checksum -r /tmp/tmpQxiFwL /usr/include/\*  --output-file /home/brooke/Code-Coverage-Tools-Benchmark/symcc_outputs/conditional_logic_symcc_output/cov/lcov/trace.lcov_info_final
lcov: ERROR: 'exclude' pattern '/usr/include/*' is unused.
	(use "lcov --ignore-errors unused ..." to bypass this error)
Removed 0 files
Writing data to /home/brooke/Code-Coverage-Tools-Benchmark/symcc_outputs/conditional_logic_symcc_output/cov/lcov/trace.lcov_info_final
Summary coverage rate:
  lines......: 31.4% (58 of 185 lines)
  functions..: 11.8% (2 of 17 functions)
  branches...: no data found
    lines......: 31.4% (58 of 185 lines)
    functions..: 11.8% (2 of 17 functions)
[+] AFL test case: id:000006,src:000000,time:40,execs:69,op:flip2,pos:0,+cov (6 / 54), cycle: 0
    Non-zero exit status '25' for CMD: /usr/bin/lcov --no-checksum -r /tmp/tmpD1OAOs /usr/include/\*  --output-file /home/brooke/Code-Coverage-Tools-Benchmark/symcc_outputs/conditional_logic_symcc_output/cov/lcov/trace.lcov_info_final
lcov: ERROR: 'exclude' pattern '/usr/include/*' is unused.
	(use "lcov --ignore-errors unused ..." to bypass this error)
Removed 0 files
Writing data to /home/brooke/Code-Coverage-Tools-Benchmark/symcc_outputs/conditional_logic_symcc_output/cov/lcov/trace.lcov_info_final
Summary coverage rate:
  lines......: 31.4% (58 of 185 lines)
  functions..: 11.8% (2 of 17 functions)
  branches...: no data found
    lines......: 31.4% (58 of 185 lines)
    functions..: 11.8% (2 of 17 functions)
[+] AFL test case: id:000007,src:000000,time:43,execs:77,op:flip2,pos:0,+cov (7 / 54), cycle: 0
    Non-zero exit status '25' for CMD: /usr/bin/lcov --no-checksum -r /tmp/tmpyzABcT /usr/include/\*  --output-file /home/brooke/Code-Coverage-Tools-Benchmark/symcc_outputs/conditional_logic_symcc_output/cov/lcov/trace.lcov_info_final
lcov: ERROR: 'exclude' pattern '/usr/include/*' is unused.
	(use "lcov --ignore-errors unused ..." to bypass this error)
Removed 0 files
Writing data to /home/brooke/Code-Coverage-Tools-Benchmark/symcc_outputs/conditional_logic_symcc_output/cov/lcov/trace.lcov_info_final
Summary coverage rate:
  lines......: 31.4% (58 of 185 lines)
  functions..: 11.8% (2 of 17 functions)
  branches...: no data found
    lines......: 31.4% (58 of 185 lines)
    functions..: 11.8% (2 of 17 functions)
[+] AFL test case: id:000008,src:000000,time:51,execs:99,op:flip4,pos:0,+cov (8 / 54), cycle: 0
    Non-zero exit status '25' for CMD: /usr/bin/lcov --no-checksum -r /tmp/tmp6yAeb1 /usr/include/\*  --output-file /home/brooke/Code-Coverage-Tools-Benchmark/symcc_outputs/conditional_logic_symcc_output/cov/lcov/trace.lcov_info_final
lcov: ERROR: 'exclude' pattern '/usr/include/*' is unused.
	(use "lcov --ignore-errors unused ..." to bypass this error)
Removed 0 files
Writing data to /home/brooke/Code-Coverage-Tools-Benchmark/symcc_outputs/conditional_logic_symcc_output/cov/lcov/trace.lcov_info_final
Summary coverage rate:
  lines......: 31.4% (58 of 185 lines)
  functions..: 11.8% (2 of 17 functions)
  branches...: no data found
    lines......: 31.4% (58 of 185 lines)
    functions..: 11.8% (2 of 17 functions)
[+] AFL test case: id:000009,src:000000,time:54,execs:107,op:flip4,pos:0,+cov (9 / 54), cycle: 0
    Non-zero exit status '25' for CMD: /usr/bin/lcov --no-checksum -r /tmp/tmpoVmO9d /usr/include/\*  --output-file /home/brooke/Code-Coverage-Tools-Benchmark/symcc_outputs/conditional_logic_symcc_output/cov/lcov/trace.lcov_info_final
lcov: ERROR: 'exclude' pattern '/usr/include/*' is unused.
	(use "lcov --ignore-errors unused ..." to bypass this error)
Removed 0 files
Writing data to /home/brooke/Code-Coverage-Tools-Benchmark/symcc_outputs/conditional_logic_symcc_output/cov/lcov/trace.lcov_info_final
Summary coverage rate:
  lines......: 31.4% (58 of 185 lines)
  functions..: 11.8% (2 of 17 functions)
  branches...: no data found
    lines......: 31.4% (58 of 185 lines)
    functions..: 11.8% (2 of 17 functions)
[+] AFL test case: id:000010,src:000000,time:61,execs:128,op:arith8,pos:0,val:+3,+cov (10 / 54), cycle: 0
    Non-zero exit status '25' for CMD: /usr/bin/lcov --no-checksum -r /tmp/tmpjxtrdr /usr/include/\*  --output-file /home/brooke/Code-Coverage-Tools-Benchmark/symcc_outputs/conditional_logic_symcc_output/cov/lcov/trace.lcov_info_final
lcov: ERROR: 'exclude' pattern '/usr/include/*' is unused.
	(use "lcov --ignore-errors unused ..." to bypass this error)
Removed 0 files
Writing data to /home/brooke/Code-Coverage-Tools-Benchmark/symcc_outputs/conditional_logic_symcc_output/cov/lcov/trace.lcov_info_final
Summary coverage rate:
  lines......: 31.4% (58 of 185 lines)
  functions..: 11.8% (2 of 17 functions)
  branches...: no data found
    lines......: 31.4% (58 of 185 lines)
    functions..: 11.8% (2 of 17 functions)
[+] AFL test case: id:000011,src:000000,time:64,execs:138,op:arith8,pos:0,val:+5,+cov (11 / 54), cycle: 0
    Non-zero exit status '25' for CMD: /usr/bin/lcov --no-checksum -r /tmp/tmplitRhO /usr/include/\*  --output-file /home/brooke/Code-Coverage-Tools-Benchmark/symcc_outputs/conditional_logic_symcc_output/cov/lcov/trace.lcov_info_final
lcov: ERROR: 'exclude' pattern '/usr/include/*' is unused.
	(use "lcov --ignore-errors unused ..." to bypass this error)
Removed 0 files
Writing data to /home/brooke/Code-Coverage-Tools-Benchmark/symcc_outputs/conditional_logic_symcc_output/cov/lcov/trace.lcov_info_final
Summary coverage rate:
  lines......: 31.4% (58 of 185 lines)
  functions..: 11.8% (2 of 17 functions)
  branches...: no data found
    lines......: 31.4% (58 of 185 lines)
    functions..: 11.8% (2 of 17 functions)
[+] AFL test case: id:000012,src:000000,time:124,execs:347,op:havoc,rep:1,+cov (12 / 54), cycle: 0
    Non-zero exit status '25' for CMD: /usr/bin/lcov --no-checksum -r /tmp/tmp9ROtc1 /usr/include/\*  --output-file /home/brooke/Code-Coverage-Tools-Benchmark/symcc_outputs/conditional_logic_symcc_output/cov/lcov/trace.lcov_info_final
lcov: ERROR: 'exclude' pattern '/usr/include/*' is unused.
	(use "lcov --ignore-errors unused ..." to bypass this error)
Removed 0 files
Writing data to /home/brooke/Code-Coverage-Tools-Benchmark/symcc_outputs/conditional_logic_symcc_output/cov/lcov/trace.lcov_info_final
Summary coverage rate:
  lines......: 31.4% (58 of 185 lines)
  functions..: 11.8% (2 of 17 functions)
  branches...: no data found
    lines......: 31.4% (58 of 185 lines)
    functions..: 11.8% (2 of 17 functions)
[+] AFL test case: id:000013,src:000000,time:138,execs:392,op:havoc,rep:7,+cov (13 / 54), cycle: 0
    Non-zero exit status '25' for CMD: /usr/bin/lcov --no-checksum -r /tmp/tmpDPI_GC /usr/include/\*  --output-file /home/brooke/Code-Coverage-Tools-Benchmark/symcc_outputs/conditional_logic_symcc_output/cov/lcov/trace.lcov_info_final
lcov: ERROR: 'exclude' pattern '/usr/include/*' is unused.
	(use "lcov --ignore-errors unused ..." to bypass this error)
Removed 0 files
Writing data to /home/brooke/Code-Coverage-Tools-Benchmark/symcc_outputs/conditional_logic_symcc_output/cov/lcov/trace.lcov_info_final
Summary coverage rate:
  lines......: 31.4% (58 of 185 lines)
  functions..: 11.8% (2 of 17 functions)
  branches...: no data found
    lines......: 31.4% (58 of 185 lines)
    functions..: 11.8% (2 of 17 functions)
[+] AFL test case: id:000014,src:000000,time:160,execs:473,op:havoc,rep:4,+cov (14 / 54), cycle: 0
    Non-zero exit status '25' for CMD: /usr/bin/lcov --no-checksum -r /tmp/tmpoGrAbi /usr/include/\*  --output-file /home/brooke/Code-Coverage-Tools-Benchmark/symcc_outputs/conditional_logic_symcc_output/cov/lcov/trace.lcov_info_final
lcov: ERROR: 'exclude' pattern '/usr/include/*' is unused.
	(use "lcov --ignore-errors unused ..." to bypass this error)
Removed 0 files
Writing data to /home/brooke/Code-Coverage-Tools-Benchmark/symcc_outputs/conditional_logic_symcc_output/cov/lcov/trace.lcov_info_final
Summary coverage rate:
  lines......: 31.4% (58 of 185 lines)
  functions..: 11.8% (2 of 17 functions)
  branches...: no data found
    lines......: 31.4% (58 of 185 lines)
    functions..: 11.8% (2 of 17 functions)
[+] AFL test case: id:000015,src:000000,time:215,execs:639,op:havoc,rep:3,+cov (15 / 54), cycle: 0
    Non-zero exit status '25' for CMD: /usr/bin/lcov --no-checksum -r /tmp/tmpjjsU4E /usr/include/\*  --output-file /home/brooke/Code-Coverage-Tools-Benchmark/symcc_outputs/conditional_logic_symcc_output/cov/lcov/trace.lcov_info_final
lcov: ERROR: 'exclude' pattern '/usr/include/*' is unused.
	(use "lcov --ignore-errors unused ..." to bypass this error)
Removed 0 files
Writing data to /home/brooke/Code-Coverage-Tools-Benchmark/symcc_outputs/conditional_logic_symcc_output/cov/lcov/trace.lcov_info_final
Summary coverage rate:
  lines......: 31.4% (58 of 185 lines)
  functions..: 11.8% (2 of 17 functions)
  branches...: no data found
    lines......: 31.4% (58 of 185 lines)
    functions..: 11.8% (2 of 17 functions)
[+] AFL test case: id:000016,src:000000,time:218,execs:647,op:havoc,rep:1,+cov (16 / 54), cycle: 0
    Non-zero exit status '25' for CMD: /usr/bin/lcov --no-checksum -r /tmp/tmpH8IXrh /usr/include/\*  --output-file /home/brooke/Code-Coverage-Tools-Benchmark/symcc_outputs/conditional_logic_symcc_output/cov/lcov/trace.lcov_info_final
lcov: ERROR: 'exclude' pattern '/usr/include/*' is unused.
	(use "lcov --ignore-errors unused ..." to bypass this error)
Removed 0 files
Writing data to /home/brooke/Code-Coverage-Tools-Benchmark/symcc_outputs/conditional_logic_symcc_output/cov/lcov/trace.lcov_info_final
Summary coverage rate:
  lines......: 31.4% (58 of 185 lines)
  functions..: 11.8% (2 of 17 functions)
  branches...: no data found
    lines......: 31.4% (58 of 185 lines)
    functions..: 11.8% (2 of 17 functions)
[+] AFL test case: id:000017,src:000000,time:232,execs:687,op:havoc,rep:3,+cov (17 / 54), cycle: 0
    Non-zero exit status '25' for CMD: /usr/bin/lcov --no-checksum -r /tmp/tmpGcKn_x /usr/include/\*  --output-file /home/brooke/Code-Coverage-Tools-Benchmark/symcc_outputs/conditional_logic_symcc_output/cov/lcov/trace.lcov_info_final
lcov: ERROR: 'exclude' pattern '/usr/include/*' is unused.
	(use "lcov --ignore-errors unused ..." to bypass this error)
Removed 0 files
Writing data to /home/brooke/Code-Coverage-Tools-Benchmark/symcc_outputs/conditional_logic_symcc_output/cov/lcov/trace.lcov_info_final
Summary coverage rate:
  lines......: 31.4% (58 of 185 lines)
  functions..: 11.8% (2 of 17 functions)
  branches...: no data found
    lines......: 31.4% (58 of 185 lines)
    functions..: 11.8% (2 of 17 functions)
[+] AFL test case: id:000018,src:000000,time:249,execs:744,op:havoc,rep:7,+cov (18 / 54), cycle: 0
    Non-zero exit status '25' for CMD: /usr/bin/lcov --no-checksum -r /tmp/tmpPoIOoF /usr/include/\*  --output-file /home/brooke/Code-Coverage-Tools-Benchmark/symcc_outputs/conditional_logic_symcc_output/cov/lcov/trace.lcov_info_final
lcov: ERROR: 'exclude' pattern '/usr/include/*' is unused.
	(use "lcov --ignore-errors unused ..." to bypass this error)
Removed 0 files
Writing data to /home/brooke/Code-Coverage-Tools-Benchmark/symcc_outputs/conditional_logic_symcc_output/cov/lcov/trace.lcov_info_final
Summary coverage rate:
  lines......: 31.4% (58 of 185 lines)
  functions..: 11.8% (2 of 17 functions)
  branches...: no data found
    lines......: 31.4% (58 of 185 lines)
    functions..: 11.8% (2 of 17 functions)
[+] AFL test case: id:000019,src:000000,time:284,execs:857,op:havoc,rep:4,+cov (19 / 54), cycle: 0
    Non-zero exit status '25' for CMD: /usr/bin/lcov --no-checksum -r /tmp/tmpX9JR4r /usr/include/\*  --output-file /home/brooke/Code-Coverage-Tools-Benchmark/symcc_outputs/conditional_logic_symcc_output/cov/lcov/trace.lcov_info_final
lcov: ERROR: 'exclude' pattern '/usr/include/*' is unused.
	(use "lcov --ignore-errors unused ..." to bypass this error)
Removed 0 files
Writing data to /home/brooke/Code-Coverage-Tools-Benchmark/symcc_outputs/conditional_logic_symcc_output/cov/lcov/trace.lcov_info_final
Summary coverage rate:
  lines......: 31.4% (58 of 185 lines)
  functions..: 11.8% (2 of 17 functions)
  branches...: no data found
    lines......: 31.4% (58 of 185 lines)
    functions..: 11.8% (2 of 17 functions)
[+] AFL test case: id:000020,src:000000,time:317,execs:963,op:havoc,rep:4,+cov (20 / 54), cycle: 0
    Non-zero exit status '25' for CMD: /usr/bin/lcov --no-checksum -r /tmp/tmpGEHVvZ /usr/include/\*  --output-file /home/brooke/Code-Coverage-Tools-Benchmark/symcc_outputs/conditional_logic_symcc_output/cov/lcov/trace.lcov_info_final
lcov: ERROR: 'exclude' pattern '/usr/include/*' is unused.
	(use "lcov --ignore-errors unused ..." to bypass this error)
Removed 0 files
Writing data to /home/brooke/Code-Coverage-Tools-Benchmark/symcc_outputs/conditional_logic_symcc_output/cov/lcov/trace.lcov_info_final
Summary coverage rate:
  lines......: 31.4% (58 of 185 lines)
  functions..: 11.8% (2 of 17 functions)
  branches...: no data found
    lines......: 31.4% (58 of 185 lines)
    functions..: 11.8% (2 of 17 functions)
[+] AFL test case: id:000021,src:000000,time:357,execs:1080,op:havoc,rep:7,+cov (21 / 54), cycle: 0
    Non-zero exit status '25' for CMD: /usr/bin/lcov --no-checksum -r /tmp/tmpBzyBfF /usr/include/\*  --output-file /home/brooke/Code-Coverage-Tools-Benchmark/symcc_outputs/conditional_logic_symcc_output/cov/lcov/trace.lcov_info_final
lcov: ERROR: 'exclude' pattern '/usr/include/*' is unused.
	(use "lcov --ignore-errors unused ..." to bypass this error)
Removed 0 files
Writing data to /home/brooke/Code-Coverage-Tools-Benchmark/symcc_outputs/conditional_logic_symcc_output/cov/lcov/trace.lcov_info_final
Summary coverage rate:
  lines......: 31.4% (58 of 185 lines)
  functions..: 11.8% (2 of 17 functions)
  branches...: no data found
    lines......: 31.4% (58 of 185 lines)
    functions..: 11.8% (2 of 17 functions)
[+] AFL test case: id:000022,src:000000,time:360,execs:1090,op:havoc,rep:5,+cov (22 / 54), cycle: 0
    Non-zero exit status '25' for CMD: /usr/bin/lcov --no-checksum -r /tmp/tmpbADT8G /usr/include/\*  --output-file /home/brooke/Code-Coverage-Tools-Benchmark/symcc_outputs/conditional_logic_symcc_output/cov/lcov/trace.lcov_info_final
lcov: ERROR: 'exclude' pattern '/usr/include/*' is unused.
	(use "lcov --ignore-errors unused ..." to bypass this error)
Removed 0 files
Writing data to /home/brooke/Code-Coverage-Tools-Benchmark/symcc_outputs/conditional_logic_symcc_output/cov/lcov/trace.lcov_info_final
Summary coverage rate:
  lines......: 31.4% (58 of 185 lines)
  functions..: 11.8% (2 of 17 functions)
  branches...: no data found
    lines......: 31.4% (58 of 185 lines)
    functions..: 11.8% (2 of 17 functions)
[+] AFL test case: id:000023,src:000000,time:417,execs:1287,op:havoc,rep:2,+cov (23 / 54), cycle: 0
    Non-zero exit status '25' for CMD: /usr/bin/lcov --no-checksum -r /tmp/tmpCkKUT1 /usr/include/\*  --output-file /home/brooke/Code-Coverage-Tools-Benchmark/symcc_outputs/conditional_logic_symcc_output/cov/lcov/trace.lcov_info_final
lcov: ERROR: 'exclude' pattern '/usr/include/*' is unused.
	(use "lcov --ignore-errors unused ..." to bypass this error)
Removed 0 files
Writing data to /home/brooke/Code-Coverage-Tools-Benchmark/symcc_outputs/conditional_logic_symcc_output/cov/lcov/trace.lcov_info_final
Summary coverage rate:
  lines......: 31.4% (58 of 185 lines)
  functions..: 11.8% (2 of 17 functions)
  branches...: no data found
    lines......: 31.4% (58 of 185 lines)
    functions..: 11.8% (2 of 17 functions)
[+] AFL test case: id:000024,src:000000,time:483,execs:1494,op:havoc,rep:6,+cov (24 / 54), cycle: 0
    Non-zero exit status '25' for CMD: /usr/bin/lcov --no-checksum -r /tmp/tmpcK1S0x /usr/include/\*  --output-file /home/brooke/Code-Coverage-Tools-Benchmark/symcc_outputs/conditional_logic_symcc_output/cov/lcov/trace.lcov_info_final
lcov: ERROR: 'exclude' pattern '/usr/include/*' is unused.
	(use "lcov --ignore-errors unused ..." to bypass this error)
Removed 0 files
Writing data to /home/brooke/Code-Coverage-Tools-Benchmark/symcc_outputs/conditional_logic_symcc_output/cov/lcov/trace.lcov_info_final
Summary coverage rate:
  lines......: 31.4% (58 of 185 lines)
  functions..: 11.8% (2 of 17 functions)
  branches...: no data found
    lines......: 31.4% (58 of 185 lines)
    functions..: 11.8% (2 of 17 functions)
[+] AFL test case: id:000025,src:000000,time:588,execs:1827,op:havoc,rep:4,+cov (25 / 54), cycle: 0
    Non-zero exit status '25' for CMD: /usr/bin/lcov --no-checksum -r /tmp/tmpBDzA5_ /usr/include/\*  --output-file /home/brooke/Code-Coverage-Tools-Benchmark/symcc_outputs/conditional_logic_symcc_output/cov/lcov/trace.lcov_info_final
lcov: ERROR: 'exclude' pattern '/usr/include/*' is unused.
	(use "lcov --ignore-errors unused ..." to bypass this error)
Removed 0 files
Writing data to /home/brooke/Code-Coverage-Tools-Benchmark/symcc_outputs/conditional_logic_symcc_output/cov/lcov/trace.lcov_info_final
Summary coverage rate:
  lines......: 31.4% (58 of 185 lines)
  functions..: 11.8% (2 of 17 functions)
  branches...: no data found
    lines......: 31.4% (58 of 185 lines)
    functions..: 11.8% (2 of 17 functions)
[+] AFL test case: id:000026,src:000000,time:890,execs:2795,op:havoc,rep:4,+cov (26 / 54), cycle: 0
    Non-zero exit status '25' for CMD: /usr/bin/lcov --no-checksum -r /tmp/tmpjdOqHP /usr/include/\*  --output-file /home/brooke/Code-Coverage-Tools-Benchmark/symcc_outputs/conditional_logic_symcc_output/cov/lcov/trace.lcov_info_final
lcov: ERROR: 'exclude' pattern '/usr/include/*' is unused.
	(use "lcov --ignore-errors unused ..." to bypass this error)
Removed 0 files
Writing data to /home/brooke/Code-Coverage-Tools-Benchmark/symcc_outputs/conditional_logic_symcc_output/cov/lcov/trace.lcov_info_final
Summary coverage rate:
  lines......: 31.4% (58 of 185 lines)
  functions..: 11.8% (2 of 17 functions)
  branches...: no data found
    lines......: 31.4% (58 of 185 lines)
    functions..: 11.8% (2 of 17 functions)
[+] Processed 54 / 54 test cases.

[+] Final zero coverage report: /home/brooke/Code-Coverage-Tools-Benchmark/symcc_outputs/conditional_logic_symcc_output/cov/zero-cov
[+] Final positive coverage report: /home/brooke/Code-Coverage-Tools-Benchmark/symcc_outputs/conditional_logic_symcc_output/cov/pos-cov
    Non-zero exit status '25' for CMD: /usr/bin/lcov --no-checksum -r /tmp/tmpjyfnmA /usr/include/\*  --output-file /home/brooke/Code-Coverage-Tools-Benchmark/symcc_outputs/conditional_logic_symcc_output/cov/lcov/trace.lcov_info_final
lcov: ERROR: 'exclude' pattern '/usr/include/*' is unused.
	(use "lcov --ignore-errors unused ..." to bypass this error)
Removed 0 files
Writing data to /home/brooke/Code-Coverage-Tools-Benchmark/symcc_outputs/conditional_logic_symcc_output/cov/lcov/trace.lcov_info_final
Summary coverage rate:
  lines......: 31.4% (58 of 185 lines)
  functions..: 11.8% (2 of 17 functions)
  branches...: no data found
    lines......: 31.4% (58 of 185 lines)
    functions..: 11.8% (2 of 17 functions)
[+] Final lcov web report: /home/brooke/Code-Coverage-Tools-Benchmark/symcc_outputs/conditional_logic_symcc_output/cov/web/index.html
